
> carbonsynq-scale-api@2.3.0-ingestion-rc.1 test
> node --test tests/unit.test.mjs tests/http.test.mjs tests/adapters.test.mjs tests/university/core.test.mjs tests/university/domain.test.mjs tests/university/http.test.mjs tests/university/store.test.mjs tests/carbon/core.test.mjs tests/carbon/domain.test.mjs tests/carbon/contract.test.mjs tests/ingestion/normalize.test.mjs tests/ingestion/domain.test.mjs tests/ingestion/parser.test.mjs tests/ingestion/http.test.mjs

TAP version 13
# Subtest: tenant transaction sets local tenant context and uses one connection
ok 1 - tenant transaction sets local tenant context and uses one connection
  ---
  duration_ms: 2.517797
  type: 'test'
  ...
# Subtest: transaction errors roll back and release the connection
ok 2 - transaction errors roll back and release the connection
  ---
  duration_ms: 0.515365
  type: 'test'
  ...
# Subtest: a broken rollback destroys rather than recycles the connection
ok 3 - a broken rollback destroys rather than recycles the connection
  ---
  duration_ms: 0.391849
  type: 'test'
  ...
# Subtest: an uncertain COMMIT is not automatically replayed
ok 4 - an uncertain COMMIT is not automatically replayed
  ---
  duration_ms: 0.198279
  type: 'test'
  ...
# Subtest: runtime refuses superuser database credentials
ok 5 - runtime refuses superuser database credentials
  ---
  duration_ms: 0.288664
  type: 'test'
  ...
# Subtest: runtime refuses table-owning application role
ok 6 - runtime refuses table-owning application role
  ---
  duration_ms: 0.164097
  type: 'test'
  ...
# Subtest: idempotency returns stored response instead of running a second mutation
ok 7 - idempotency returns stored response instead of running a second mutation
  ---
  duration_ms: 1.030119
  type: 'test'
  ...
# Subtest: enqueue uses a unique dedupe key and delayed durable availability
ok 8 - enqueue uses a unique dedupe key and delayed durable availability
  ---
  duration_ms: 0.175014
  type: 'test'
  ...
# Subtest: claim SQL uses skip-locked row locking, an attempt cap and a fresh lease token
ok 9 - claim SQL uses skip-locked row locking, an attempt cap and a fresh lease token
  ---
  duration_ms: 0.612411
  type: 'test'
  ...
# Subtest: stale worker cannot obtain a finalization fence
ok 10 - stale worker cannot obtain a finalization fence
  ---
  duration_ms: 0.382025
  type: 'test'
  ...
# Subtest: ClamD client sends correct bounded INSTREAM frames
ok 11 - ClamD client sends correct bounded INSTREAM frames
  ---
  duration_ms: 13.409821
  type: 'test'
  ...
# Subtest: ClamD FOUND verdict prevents clean acceptance
ok 12 - ClamD FOUND verdict prevents clean acceptance
  ---
  duration_ms: 2.307341
  type: 'test'
  ...
# Subtest: scanner errors fail closed rather than claiming CLEAN
ok 13 - scanner errors fail closed rather than claiming CLEAN
  ---
  duration_ms: 1.402159
  type: 'test'
  ...
# Subtest: connection refusal fails scanning
ok 14 - connection refusal fails scanning
  ---
  duration_ms: 1.160987
  type: 'test'
  ...
# Subtest: migration structurally includes RLS, composite FKs and immutable ledgers (not a database execution test)
ok 15 - migration structurally includes RLS, composite FKs and immutable ledgers (not a database execution test)
  ---
  duration_ms: 1.097301
  type: 'test'
  ...
# Subtest: 49 real operations have schema and matching permission metadata
ok 16 - 49 real operations have schema and matching permission metadata
  ---
  duration_ms: 13.014255
  type: 'test'
  ...
# Subtest: carbon contract has 10 unique tenant tables, not dynamically accepted SQL
ok 17 - carbon contract has 10 unique tenant tables, not dynamically accepted SQL
  ---
  duration_ms: 1.218903
  type: 'test'
  ...
# Subtest: all mutation routes exclude leadership and previews have no idempotent write cache
ok 18 - all mutation routes exclude leadership and previews have no idempotent write cache
  ---
  duration_ms: 0.268634
  type: 'test'
  ...
# Subtest: query tenant switching fails before any database access
ok 19 - query tenant switching fails before any database access
  ---
  duration_ms: 1.367607
  type: 'test'
  ...
# Subtest: migrations remain contiguous through import staging version 4
ok 20 - migrations remain contiguous through import staging version 4
  ---
  duration_ms: 5.227283
  type: 'test'
  ...
# Subtest: allocation-used SQL filters tenant, calculated records and approved voids
ok 21 - allocation-used SQL filters tenant, calculated records and approved voids
  ---
  duration_ms: 0.352881
  type: 'test'
  ...
# Subtest: full HTTP middleware to domain: create, submit, approve, inventory and unauthorized checks
ok 22 - full HTTP middleware to domain: create, submit, approve, inventory and unauthorized checks
  ---
  duration_ms: 58.231286
  type: 'test'
  ...
# Subtest: fuel stock consumes 280 litres, not total purchases
ok 23 - fuel stock consumes 280 litres, not total purchases
  ---
  duration_ms: 2.514242
  type: 'test'
  ...
# Subtest: negative stock is rejected rather than clamped
ok 24 - negative stock is rejected rather than clamped
  ---
  duration_ms: 0.702487
  type: 'test'
  ...
# Subtest: fuel balance refuses currency
ok 25 - fuel balance refuses currency
  ---
  duration_ms: 0.204668
  type: 'test'
  ...
# Subtest: meter uses multiplier
ok 26 - meter uses multiplier
  ---
  duration_ms: 0.265048
  type: 'test'
  ...
# Subtest: single documented rollover uses exclusive maximum
ok 27 - single documented rollover uses exclusive maximum
  ---
  duration_ms: 0.221954
  type: 'test'
  ...
# Subtest: negative meter without rollover refuses reset
ok 28 - negative meter without rollover refuses reset
  ---
  duration_ms: 0.224187
  type: 'test'
  ...
# Subtest: rollover cannot be fabricated on positive movement
ok 29 - rollover cannot be fabricated on positive movement
  ---
  duration_ms: 0.243256
  type: 'test'
  ...
# Subtest: refrigerant balance excludes recovered closing stock and transferred gas
ok 30 - refrigerant balance excludes recovered closing stock and transferred gas
  ---
  duration_ms: 0.166721
  type: 'test'
  ...
# Subtest: refrigerant purchases do not qualify as leak-only topup
ok 31 - refrigerant purchases do not qualify as leak-only topup
  ---
  duration_ms: 0.482827
  type: 'test'
  ...
# Subtest: documented topup permits loss replacement
ok 32 - documented topup permits loss replacement
  ---
  duration_ms: 0.543998
  type: 'test'
  ...
# Subtest: exact delivered-energy conversion MWh 1.2
ok 33 - exact delivered-energy conversion MWh 1.2
  ---
  duration_ms: 0.262985
  type: 'test'
  ...
# Subtest: exact delivered-energy conversion GJ 3.6
ok 34 - exact delivered-energy conversion GJ 3.6
  ---
  duration_ms: 0.106801
  type: 'test'
  ...
# Subtest: exact delivered-energy conversion GJ 1
ok 35 - exact delivered-energy conversion GJ 1
  ---
  duration_ms: 0.090717
  type: 'test'
  ...
# Subtest: exact delivered-energy conversion kWh 12
ok 36 - exact delivered-energy conversion kWh 12
  ---
  duration_ms: 0.095554
  type: 'test'
  ...
# Subtest: electricity exports do not subtract gross imports
ok 37 - electricity exports do not subtract gross imports
  ---
  duration_ms: 0.161753
  type: 'test'
  ...
# Subtest: negative campus balance must be reconciled
ok 38 - negative campus balance must be reconciled
  ---
  duration_ms: 0.175984
  type: 'test'
  ...
# Subtest: factor gas breakdown computes CO2 CH4 N2O exactly
ok 39 - factor gas breakdown computes CO2 CH4 N2O exactly
  ---
  duration_ms: 1.723663
  type: 'test'
  ...
# Subtest: biogenic CO2 separate but CH4 and N2O remain in inventory
ok 40 - biogenic CO2 separate but CH4 and N2O remain in inventory
  ---
  duration_ms: 0.253732
  type: 'test'
  ...
# Subtest: aggregate CO2e cannot have extra gases added
ok 41 - aggregate CO2e cannot have extra gases added
  ---
  duration_ms: 0.23911
  type: 'test'
  ...
# Subtest: combustion CO2 alone is not presented as all gases
ok 42 - combustion CO2 alone is not presented as all gases
  ---
  duration_ms: 0.184818
  type: 'test'
  ...
# Subtest: named refrigerant GWP is supplied explicitly
ok 43 - named refrigerant GWP is supplied explicitly
  ---
  duration_ms: 0.235725
  type: 'test'
  ...
# Subtest: refrigerant factor must match gas name and unit mass
ok 44 - refrigerant factor must match gas name and unit mass
  ---
  duration_ms: 0.321002
  type: 'test'
  ...
# Subtest: Scope2 CO2-only factor must instead be documented CO2e
ok 45 - Scope2 CO2-only factor must instead be documented CO2e
  ---
  duration_ms: 0.213902
  type: 'test'
  ...
# Subtest: zero factor requires explanation
ok 46 - zero factor requires explanation
  ---
  duration_ms: 0.224437
  type: 'test'
  ...
# Subtest: precision survives quantities beyond float safe integer
ok 47 - precision survives quantities beyond float safe integer
  ---
  duration_ms: 0.33842
  type: 'test'
  ...
# Subtest: market allocation computes remaining consumption with residual
ok 48 - market allocation computes remaining consumption with residual
  ---
  duration_ms: 0.617119
  type: 'test'
  ...
# Subtest: unmatched market quantity cannot be silently zero
ok 49 - unmatched market quantity cannot be silently zero
  ---
  duration_ms: 0.143005
  type: 'test'
  ...
# Subtest: market over-allocation rejected
ok 50 - market over-allocation rejected
  ---
  duration_ms: 0.216286
  type: 'test'
  ...
# Subtest: location commodity cannot be arbitrary
ok 51 - location commodity cannot be arbitrary
  ---
  duration_ms: 0.58543
  type: 'test'
  ...
# Subtest: all source kinds declare scope and unit
ok 52 - all source kinds declare scope and unit
  ---
  duration_ms: 0.251428
  type: 'test'
  ...
# Subtest: ten supplementary definitions are distinct and non-emissions records
ok 53 - ten supplementary definitions are distinct and non-emissions records
  ---
  duration_ms: 0.171988
  type: 'test'
  ...
# Subtest: instrument requires quality checks rather than checkbox-only claim
ok 54 - instrument requires quality checks rather than checkbox-only claim
  ---
  duration_ms: 0.456867
  type: 'test'
  ...
# Subtest: instrument cannot claim a future retirement
ok 55 - instrument cannot claim a future retirement
  ---
  duration_ms: 0.372771
  type: 'test'
  ...
# Subtest: same serial normalized independent of whitespace and case
ok 56 - same serial normalized independent of whitespace and case
  ---
  duration_ms: 0.704139
  type: 'test'
  ...
# Subtest: coverage reports leading and trailing missing days
ok 57 - coverage reports leading and trailing missing days
  ---
  duration_ms: 0.896589
  type: 'test'
  ...
# Subtest: adjacent periods give no missing dates
ok 58 - adjacent periods give no missing dates
  ---
  duration_ms: 7.869547
  type: 'test'
  ...
# Subtest: source and factor are tenant scoped and restricted by role
ok 59 - source and factor are tenant scoped and restricted by role
  ---
  duration_ms: 3.273194
  type: 'test'
  ...
# Subtest: factor maker cannot approve their own version
ok 60 - factor maker cannot approve their own version
  ---
  duration_ms: 1.086924
  type: 'test'
  ...
# Subtest: approved factors cannot be edited
ok 61 - approved factors cannot be edited
  ---
  duration_ms: 0.871691
  type: 'test'
  ...
# Subtest: boundary needs every campus included or explained
ok 62 - boundary needs every campus included or explained
  ---
  duration_ms: 1.039093
  type: 'test'
  ...
# Subtest: boundary requires source applicability checklist
ok 63 - boundary requires source applicability checklist
  ---
  duration_ms: 0.388655
  type: 'test'
  ...
# Subtest: boundary approval requires clean stored evidence
ok 64 - boundary approval requires clean stored evidence
  ---
  duration_ms: 1.531304
  type: 'test'
  ...
# Subtest: legacy rows block new enhanced ledger activation
ok 65 - legacy rows block new enhanced ledger activation
  ---
  duration_ms: 1.14327
  type: 'test'
  ...
# Subtest: new record cannot be created before boundary approved
ok 66 - new record cannot be created before boundary approved
  ---
  duration_ms: 1.378944
  type: 'test'
  ...
# Subtest: Scope1 draft submit approve produces traceable 268kg exact snapshot
ok 67 - Scope1 draft submit approve produces traceable 268kg exact snapshot
  ---
  duration_ms: 4.59324
  type: 'test'
  ...
# Subtest: drafts and submitted records excluded from inventory
ok 68 - drafts and submitted records excluded from inventory
  ---
  duration_ms: 1.600377
  type: 'test'
  ...
# Subtest: same physical source cannot have overlapping active intervals
ok 69 - same physical source cannot have overlapping active intervals
  ---
  duration_ms: 1.40327
  type: 'test'
  ...
# Subtest: ENTRY cannot write a different source owner or see their entries
ok 70 - ENTRY cannot write a different source owner or see their entries
  ---
  duration_ms: 1.571664
  type: 'test'
  ...
# Subtest: source factors require full interval and correct geography
ok 71 - source factors require full interval and correct geography
  ---
  duration_ms: 1.301878
  type: 'test'
  ...
# Subtest: preview creates no record and reserves no certificate
ok 72 - preview creates no record and reserves no certificate
  ---
  duration_ms: 1.367748
  type: 'test'
  ...
# Subtest: zero consumption must be explicitly justified
ok 73 - zero consumption must be explicitly justified
  ---
  duration_ms: 3.009537
  type: 'test'
  ...
# Subtest: estimated record requires assumptions
ok 74 - estimated record requires assumptions
  ---
  duration_ms: 1.279084
  type: 'test'
  ...
# Subtest: stale version cannot submit and maker cannot approve even admin
ok 75 - stale version cannot submit and maker cannot approve even admin
  ---
  duration_ms: 1.704965
  type: 'test'
  ...
# Subtest: period lock blocks writes without deleting historical calculations
ok 76 - period lock blocks writes without deleting historical calculations
  ---
  duration_ms: 2.059518
  type: 'test'
  ...
# Subtest: partial date coverage blocks final readiness
ok 77 - partial date coverage blocks final readiness
  ---
  duration_ms: 2.398258
  type: 'test'
  ...
# Subtest: reviewed no-activity declaration is distinct from missing data
ok 78 - reviewed no-activity declaration is distinct from missing data
  ---
  duration_ms: 0.827065
  type: 'test'
  ...
# Subtest: Scope2 location and market alternatives are not summed
ok 79 - Scope2 location and market alternatives are not summed
  ---
  duration_ms: 3.805625
  type: 'test'
  ...
# Subtest: market without unmatched-energy factor rejected, not assigned zero
ok 80 - market without unmatched-energy factor rejected, not assigned zero
  ---
  duration_ms: 1.296571
  type: 'test'
  ...
# Subtest: instrument beneficiary must match university
ok 81 - instrument beneficiary must match university
  ---
  duration_ms: 1.161277
  type: 'test'
  ...
# Subtest: instrument capacity checked again at approval after competing draft
ok 82 - instrument capacity checked again at approval after competing draft
  ---
  duration_ms: 3.087303
  type: 'test'
  ...
# Subtest: approved void releases instrument allocation without deleting history
ok 83 - approved void releases instrument allocation without deleting history
  ---
  duration_ms: 3.6168
  type: 'test'
  ...
# Subtest: boundary cannot reinterpret active calculations
ok 84 - boundary cannot reinterpret active calculations
  ---
  duration_ms: 1.348018
  type: 'test'
  ...
# Subtest: high-severity university finding gates report readiness
ok 85 - high-severity university finding gates report readiness
  ---
  duration_ms: 2.591848
  type: 'test'
  ...
# Subtest: late registered sources flagged as unassessed
ok 86 - late registered sources flagged as unassessed
  ---
  duration_ms: 1.819978
  type: 'test'
  ...
# Subtest: extra KPI install idempotent and seeds no activity values
ok 87 - extra KPI install idempotent and seeds no activity values
  ---
  duration_ms: 0.499251
  type: 'test'
  ...
# Subtest: full report snapshot includes both methods with shared primary inventory
ok 88 - full report snapshot includes both methods with shared primary inventory
  ---
  duration_ms: 2.452159
  type: 'test'
  ...
# Subtest: location-only report never silently claims market zero
ok 89 - location-only report never silently claims market zero
  ---
  duration_ms: 1.444543
  type: 'test'
  ...
# Subtest: CSV preview no writes; invalid batch atomically rejected
ok 90 - CSV preview no writes; invalid batch atomically rejected
  ---
  duration_ms: 5.306472
  type: 'test'
  ...
# Subtest: live export labels both method columns without an added total
ok 91 - live export labels both method columns without an added total
  ---
  duration_ms: 1.492836
  type: 'test'
  ...
# Subtest: source pathway with review and exact calculation: MOBILE_COMBUSTION
ok 92 - source pathway with review and exact calculation: MOBILE_COMBUSTION
  ---
  duration_ms: 1.153335
  type: 'test'
  ...
# Subtest: source pathway with review and exact calculation: REFRIGERANT
ok 93 - source pathway with review and exact calculation: REFRIGERANT
  ---
  duration_ms: 0.927966
  type: 'test'
  ...
# Subtest: source pathway with review and exact calculation: DIRECT_GAS
ok 94 - source pathway with review and exact calculation: DIRECT_GAS
  ---
  duration_ms: 1.479846
  type: 'test'
  ...
# Subtest: source pathway with review and exact calculation: ONSITE_PROCESS
ok 95 - source pathway with review and exact calculation: ONSITE_PROCESS
  ---
  duration_ms: 0.930449
  type: 'test'
  ...
# Subtest: source pathway with review and exact calculation: PURCHASED_STEAM
ok 96 - source pathway with review and exact calculation: PURCHASED_STEAM
  ---
  duration_ms: 1.014125
  type: 'test'
  ...
# Subtest: source pathway with review and exact calculation: PURCHASED_HEAT
ok 97 - source pathway with review and exact calculation: PURCHASED_HEAT
  ---
  duration_ms: 0.922818
  type: 'test'
  ...
# Subtest: source pathway with review and exact calculation: PURCHASED_COOLING
ok 98 - source pathway with review and exact calculation: PURCHASED_COOLING
  ---
  duration_ms: 1.324402
  type: 'test'
  ...
# Subtest: grid fallback cannot override a registered matching residual mix
ok 99 - grid fallback cannot override a registered matching residual mix
  ---
  duration_ms: 1.827379
  type: 'test'
  ...
# Subtest: market snapshot retains full unmatched factor provenance
ok 100 - market snapshot retains full unmatched factor provenance
  ---
  duration_ms: 1.662752
  type: 'test'
  ...
# Subtest: final university report cannot be captured with unresolved Scope12 gaps
ok 101 - final university report cannot be captured with unresolved Scope12 gaps
  ---
  duration_ms: 1.240516
  type: 'test'
  ...
# Subtest: frozen report CSV includes separate enhanced alternatives without changing primary quantity
ok 102 - frozen report CSV includes separate enhanced alternatives without changing primary quantity
  ---
  duration_ms: 8.862049
  type: 'test'
  ...
# Subtest: traceable insight links point at enhanced source records rather than legacy endpoints
ok 103 - traceable insight links point at enhanced source records rather than legacy endpoints
  ---
  duration_ms: 1.634488
  type: 'test'
  ...
# Subtest: liveness endpoint works without a session
ok 104 - liveness endpoint works without a session
  ---
  duration_ms: 26.407501
  type: 'test'
  ...
# Subtest: business routes require authentication
ok 105 - business routes require authentication
  ---
  duration_ms: 8.263736
  type: 'test'
  ...
# Subtest: business response contains request ID and security headers
ok 106 - business response contains request ID and security headers
  ---
  duration_ms: 8.283981
  type: 'test'
  ...
# Subtest: untrusted browser origins rejected
ok 107 - untrusted browser origins rejected
  ---
  duration_ms: 3.648237
  type: 'test'
  ...
# Subtest: allowed origin receives exact CORS header
ok 108 - allowed origin receives exact CORS header
  ---
  duration_ms: 3.684542
  type: 'test'
  ...
# Subtest: preflight supports required idempotency header
ok 109 - preflight supports required idempotency header
  ---
  duration_ms: 3.169378
  type: 'test'
  ...
# Subtest: metrics require a separate credential
ok 110 - metrics require a separate credential
  ---
  duration_ms: 5.898723
  type: 'test'
  ...
# Subtest: JSON content type is enforced
ok 111 - JSON content type is enforced
  ---
  duration_ms: 10.45748
  type: 'test'
  ...
# Subtest: malformed JSON produces 400, not a stack trace
ok 112 - malformed JSON produces 400, not a stack trace
  ---
  duration_ms: 8.497662
  type: 'test'
  ...
# Subtest: JSON array body rejected
ok 113 - JSON array body rejected
  ---
  duration_ms: 4.403143
  type: 'test'
  ...
# Subtest: JSON body has a strict 64 KiB limit
ok 114 - JSON body has a strict 64 KiB limit
  ---
  duration_ms: 3.197499
  type: 'test'
  ...
# Subtest: create routes forward the idempotency key
ok 115 - create routes forward the idempotency key
  ---
  duration_ms: 6.078633
  type: 'test'
  ...
# Subtest: tenant IDs in query cannot redirect authorization
ok 116 - tenant IDs in query cannot redirect authorization
  ---
  duration_ms: 2.431557
  type: 'test'
  ...
# Subtest: raw invoice upload is bounded and URL-decodes the filename
ok 117 - raw invoice upload is bounded and URL-decodes the filename
  ---
  duration_ms: 4.895233
  type: 'test'
  ...
# Subtest: invoice size rejection happens before storage
ok 118 - invoice size rejection happens before storage
  ---
  duration_ms: 2.594222
  type: 'test'
  ...
# Subtest: readiness returns 503 when a dependency is not ready
ok 119 - readiness returns 503 when a dependency is not ready
  ---
  duration_ms: 1.745776
  type: 'test'
  ...
# Subtest: internal service errors are sanitized
ok 120 - internal service errors are sanitized
  ---
  duration_ms: 3.221055
  type: 'test'
  ...
# Subtest: draining rejects new traffic safely
ok 121 - draining rejects new traffic safely
  ---
  duration_ms: 1.570002
  type: 'test'
  ...
# Subtest: production transport advertises HSTS
ok 122 - production transport advertises HSTS
  ---
  duration_ms: 1.552094
  type: 'test'
  ...
# Subtest: normalization only stages rows and exact quantities
ok 123 - normalization only stages rows and exact quantities
  ---
  duration_ms: 11.360839
  type: 'test'
  ...
# Subtest: explicit review and atomic draft import; separate approval controls inventory
ok 124 - explicit review and atomic draft import; separate approval controls inventory
  ---
  duration_ms: 9.916356
  type: 'test'
  ...
# Subtest: unreviewed rows cannot commit
ok 125 - unreviewed rows cannot commit
  ---
  duration_ms: 4.643164
  type: 'test'
  ...
# Subtest: review requires consumption confirmation
ok 126 - review requires consumption confirmation
  ---
  duration_ms: 2.975345
  type: 'test'
  ...
# Subtest: stale row version prevents silent overwrite
ok 127 - stale row version prevents silent overwrite
  ---
  duration_ms: 9.770327
  type: 'test'
  ...
# Subtest: batch stale version rejects attachment
ok 128 - batch stale version rejects attachment
  ---
  duration_ms: 1.440057
  type: 'test'
  ...
# Subtest: reviewer is read only for import writes
ok 129 - reviewer is read only for import writes
  ---
  duration_ms: 1.401709
  type: 'test'
  ...
# Subtest: other entry user cannot access batch
ok 130 - other entry user cannot access batch
  ---
  duration_ms: 1.31633
  type: 'test'
  ...
# Subtest: tenant IDs are not supplied by the client
ok 131 - tenant IDs are not supplied by the client
  ---
  duration_ms: 1.650533
  type: 'test'
  ...
# Subtest: cross tenant batch IDs are inaccessible
ok 132 - cross tenant batch IDs are inaccessible
  ---
  duration_ms: 1.785165
  type: 'test'
  ...
# Subtest: file pending scan cannot preview
ok 133 - file pending scan cannot preview
  ---
  duration_ms: 1.26314
  type: 'test'
  ...
# Subtest: infected evidence cannot preview
ok 134 - infected evidence cannot preview
  ---
  duration_ms: 4.30137
  type: 'test'
  ...
# Subtest: incompatible MIME cannot attach to spreadsheet batch
ok 135 - incompatible MIME cannot attach to spreadsheet batch
  ---
  duration_ms: 1.064691
  type: 'test'
  ...
# Subtest: batch file count bounded
ok 136 - batch file count bounded
  ---
  duration_ms: 0.813984
  type: 'test'
  ...
# Subtest: file attachment is idempotent by document ID
ok 137 - file attachment is idempotent by document ID
  ---
  duration_ms: 1.427277
  type: 'test'
  ...
# Subtest: canonical conversion is not reapplied on review
ok 138 - canonical conversion is not reapplied on review
  ---
  duration_ms: 2.950258
  type: 'test'
  ...
# Subtest: blank quantity becomes flagged then corrected explicitly
ok 139 - blank quantity becomes flagged then corrected explicitly
  ---
  duration_ms: 1.695731
  type: 'test'
  ...
# Subtest: formula cannot become ready without explicit value correction
ok 140 - formula cannot become ready without explicit value correction
  ---
  duration_ms: 2.060739
  type: 'test'
  ...
# Subtest: new plan retains superseded raw rows
ok 141 - new plan retains superseded raw rows
  ---
  duration_ms: 2.625309
  type: 'test'
  ...
# Subtest: mapping is frozen after first imported row
ok 142 - mapping is frozen after first imported row
  ---
  duration_ms: 3.507776
  type: 'test'
  ...
# Subtest: duplicate within batch requires explicit exclusion
ok 143 - duplicate within batch requires explicit exclusion
  ---
  duration_ms: 2.175443
  type: 'test'
  ...
# Subtest: a duplicate across batches cannot post twice
ok 144 - a duplicate across batches cannot post twice
  ---
  duration_ms: 4.765888
  type: 'test'
  ...
# Subtest: locked period is rechecked at commit
ok 145 - locked period is rechecked at commit
  ---
  duration_ms: 2.348473
  type: 'test'
  ...
# Subtest: factor changes invalidate a previously ready row
ok 146 - factor changes invalidate a previously ready row
  ---
  duration_ms: 2.947795
  type: 'test'
  ...
# Subtest: atomic batch failure rolls back earlier draft and receipt
ok 147 - atomic batch failure rolls back earlier draft and receipt
  ---
  duration_ms: 4.944807
  type: 'test'
  ...
# Subtest: incomplete batch cannot close
ok 148 - incomplete batch cannot close
  ---
  duration_ms: 1.018422
  type: 'test'
  ...
# Subtest: closed batch cannot mutate; originals retained
ok 149 - closed batch cannot mutate; originals retained
  ---
  duration_ms: 4.039697
  type: 'test'
  ...
# Subtest: cancellation only before any import
ok 150 - cancellation only before any import
  ---
  duration_ms: 4.317394
  type: 'test'
  ...
# Subtest: exports keep normalized values and raw provenance
ok 151 - exports keep normalized values and raw provenance
  ---
  duration_ms: 2.313901
  type: 'test'
  ...
# Subtest: template saved with explicit mapping
ok 152 - template saved with explicit mapping
  ---
  duration_ms: 1.585405
  type: 'test'
  ...
# Subtest: six individual PDFs -> six reviewed drafts, amount remains separate
ok 153 - six individual PDFs -> six reviewed drafts, amount remains separate
  ---
  duration_ms: 3605.795655
  type: 'test'
  ...
# Subtest: invoice without consumption remains invalid despite amount
ok 154 - invoice without consumption remains invalid despite amount
  ---
  duration_ms: 1.775631
  type: 'test'
  ...
# Subtest: KPI import creates a draft submission, not a second emissions record
ok 155 - KPI import creates a draft submission, not a second emissions record
  ---
  duration_ms: 4.737996
  type: 'test'
  ...
# Subtest: default source ID cannot override a conflicting uploaded meter code
ok 156 - default source ID cannot override a conflicting uploaded meter code
  ---
  duration_ms: 2.296845
  type: 'test'
  ...
# Subtest: batch-wide rows include file provenance and hide superseded mappings
ok 157 - batch-wide rows include file provenance and hide superseded mappings
  ---
  duration_ms: 3.494287
  type: 'test'
  ...
# Subtest: batch-wide rows obey tenant and entry-user access
ok 158 - batch-wide rows obey tenant and entry-user access
  ---
  duration_ms: 1.43612
  type: 'test'
  ...
# Subtest: 17 unique ingestion operations inherit role and retry metadata
ok 159 - 17 unique ingestion operations inherit role and retry metadata
  ---
  duration_ms: 0.819092
  type: 'test'
  ...
# Subtest: migration 4 adds four forced RLS tables and immutable receipts
ok 160 - migration 4 adds four forced RLS tables and immutable receipts
  ---
  duration_ms: 5.143637
  type: 'test'
  ...
# Subtest: new UI is real static HTTP with CSP and no external scripts
ok 161 - new UI is real static HTTP with CSP and no external scripts
  ---
  duration_ms: 37.637584
  type: 'test'
  ...
# Subtest: imports require login and do not accept tenant query switching
ok 162 - imports require login and do not accept tenant query switching
  ---
  duration_ms: 10.022837
  type: 'test'
  ...
# Subtest: leadership cannot create import batch
ok 163 - leadership cannot create import batch
  ---
  duration_ms: 7.723498
  type: 'test'
  ...
# Subtest: request replay returns same created batch; changed payload conflicts
ok 164 - request replay returns same created batch; changed payload conflicts
  ---
  duration_ms: 11.604235
  type: 'test'
  ...
# Subtest: HTTP accepts real XLSX bytes; attaches, normalizes and preserves original download
ok 165 - HTTP accepts real XLSX bytes; attaches, normalizes and preserves original download
  ---
  duration_ms: 641.231543
  type: 'test'
  ...
# Subtest: number exact 1,25,000
ok 166 - number exact 1,25,000
  ---
  duration_ms: 1.34974
  type: 'test'
  ...
# Subtest: number exact 12,500.50
ok 167 - number exact 12,500.50
  ---
  duration_ms: 0.203707
  type: 'test'
  ...
# Subtest: number exact 0005
ok 168 - number exact 0005
  ---
  duration_ms: 0.109564
  type: 'test'
  ...
# Subtest: number exact 0
ok 169 - number exact 0
  ---
  duration_ms: 0.076586
  type: 'test'
  ...
# Subtest: number exact 1.000001
ok 170 - number exact 1.000001
  ---
  duration_ms: 0.075814
  type: 'test'
  ...
# Subtest: number rejects 
ok 171 - number rejects 
  ---
  duration_ms: 0.282104
  type: 'test'
  ...
# Subtest: number rejects null
ok 172 - number rejects null
  ---
  duration_ms: 0.121483
  type: 'test'
  ...
# Subtest: number rejects 1,23
ok 173 - number rejects 1,23
  ---
  duration_ms: 0.077937
  type: 'test'
  ...
# Subtest: number rejects 1,000,00
ok 174 - number rejects 1,000,00
  ---
  duration_ms: 0.218028
  type: 'test'
  ...
# Subtest: number rejects 1e3
ok 175 - number rejects 1e3
  ---
  duration_ms: 0.349836
  type: 'test'
  ...
# Subtest: number rejects -1
ok 176 - number rejects -1
  ---
  duration_ms: 0.129796
  type: 'test'
  ...
# Subtest: number rejects +1
ok 177 - number rejects +1
  ---
  duration_ms: 0.064187
  type: 'test'
  ...
# Subtest: number rejects 1 000
ok 178 - number rejects 1 000
  ---
  duration_ms: 0.052168
  type: 'test'
  ...
# Subtest: number rejects INR 100
ok 179 - number rejects INR 100
  ---
  duration_ms: 0.047822
  type: 'test'
  ...
# Subtest: number rejects 10%
ok 180 - number rejects 10%
  ---
  duration_ms: 0.100401
  type: 'test'
  ...
# Subtest: number rejects =2+2
ok 181 - number rejects =2+2
  ---
  duration_ms: 0.055403
  type: 'test'
  ...
# Subtest: number rejects 1.0000001
ok 182 - number rejects 1.0000001
  ---
  duration_ms: 0.051538
  type: 'test'
  ...
# Subtest: decimal comma is explicit
ok 183 - decimal comma is explicit
  ---
  duration_ms: 0.205529
  type: 'test'
  ...
# Subtest: date does not guess 2026-02-29
ok 184 - date does not guess 2026-02-29
  ---
  duration_ms: 0.641195
  type: 'test'
  ...
# Subtest: date does not guess 32/01/2026
ok 185 - date does not guess 32/01/2026
  ---
  duration_ms: 0.197557
  type: 'test'
  ...
# Subtest: date does not guess 45000
ok 186 - date does not guess 45000
  ---
  duration_ms: 0.096895
  type: 'test'
  ...
# Subtest: date does not guess 04/05/2026
ok 187 - date does not guess 04/05/2026
  ---
  duration_ms: 0.084698
  type: 'test'
  ...
# Subtest: date does not guess 2026-13-01
ok 188 - date does not guess 2026-13-01
  ---
  duration_ms: 0.081042
  type: 'test'
  ...
# Subtest: declared date order resolves ambiguity
ok 189 - declared date order resolves ambiguity
  ---
  duration_ms: 0.179661
  type: 'test'
  ...
# Subtest: unit MWh
ok 190 - unit MWh
  ---
  duration_ms: 0.282845
  type: 'test'
  ...
# Subtest: unit litres
ok 191 - unit litres
  ---
  duration_ms: 0.19943
  type: 'test'
  ...
# Subtest: unit kl
ok 192 - unit kl
  ---
  duration_ms: 0.058077
  type: 'test'
  ...
# Subtest: unit tonnes
ok 193 - unit tonnes
  ---
  duration_ms: 0.054622
  type: 'test'
  ...
# Subtest: unit m³
ok 194 - unit m³
  ---
  duration_ms: 0.061803
  type: 'test'
  ...
# Subtest: unit %
ok 195 - unit %
  ---
  duration_ms: 0.099951
  type: 'test'
  ...
# Subtest: unit cannot be missing or guessed
ok 196 - unit cannot be missing or guessed
  ---
  duration_ms: 0.127802
  type: 'test'
  ...
# Subtest: explicit suffix splits exact quantity and normalizes unit
ok 197 - explicit suffix splits exact quantity and normalizes unit
  ---
  duration_ms: 0.477027
  type: 'test'
  ...
# Subtest: suffix disagreement flags conflict
ok 198 - suffix disagreement flags conflict
  ---
  duration_ms: 0.264438
  type: 'test'
  ...
# Subtest: currency is not consumption
ok 199 - currency is not consumption
  ---
  duration_ms: 0.339851
  type: 'test'
  ...
# Subtest: inverted date interval rejected
ok 200 - inverted date interval rejected
  ---
  duration_ms: 0.154142
  type: 'test'
  ...
# Subtest: header detection tolerates titles and empty rows
ok 201 - header detection tolerates titles and empty rows
  ---
  duration_ms: 0.556557
  type: 'test'
  ...
# Subtest: ambiguous header alias not silently chosen
ok 202 - ambiguous header alias not silently chosen
  ---
  duration_ms: 1.022018
  type: 'test'
  ...
# Subtest: repeated header and total stay visible but skipped
ok 203 - repeated header and total stay visible but skipped
  ---
  duration_ms: 1.326756
  type: 'test'
  ...
# Subtest: wide month columns unpivot exact periods
ok 204 - wide month columns unpivot exact periods
  ---
  duration_ms: 0.490678
  type: 'test'
  ...
# Subtest: unlabelled year is not guessed for monthly layout
ok 205 - unlabelled year is not guessed for monthly layout
  ---
  duration_ms: 0.064046
  type: 'test'
  ...
# Subtest: hidden row needs explicit inclusion
ok 206 - hidden row needs explicit inclusion
  ---
  duration_ms: 0.351829
  type: 'test'
  ...
# Subtest: formula measurement is never evaluated
ok 207 - formula measurement is never evaluated
  ---
  duration_ms: 0.427864
  type: 'test'
  ...
# Subtest: merged quantity cannot be forward-filled
ok 208 - merged quantity cannot be forward-filled
  ---
  duration_ms: 0.205139
  type: 'test'
  ...
# Subtest: never forward-fill date or quantity
ok 209 - never forward-fill date or quantity
  ---
  duration_ms: 0.11956
  type: 'test'
  ...
# Subtest: mapping cannot reuse a column for quantity and amount
ok 210 - mapping cannot reuse a column for quantity and amount
  ---
  duration_ms: 0.133611
  type: 'test'
  ...
# Subtest: unknown mapping fields fail closed
ok 211 - unknown mapping fields fail closed
  ---
  duration_ms: 0.101983
  type: 'test'
  ...
# Subtest: wide and long-form values cannot compete
ok 212 - wide and long-form values cannot compete
  ---
  duration_ms: 0.139249
  type: 'test'
  ...
# Subtest: invoice decimal normalization retains six places
ok 213 - invoice decimal normalization retains six places
  ---
  duration_ms: 1.791344
  type: 'test'
  ...
# Subtest: separate invoice identifiers create page groups
ok 214 - separate invoice identifiers create page groups
  ---
  duration_ms: 0.169695
  type: 'test'
  ...
# Subtest: same invoice continuing to another page grouped together
ok 215 - same invoice continuing to another page grouped together
  ---
  duration_ms: 0.630469
  type: 'test'
  ...
# Subtest: merged distinct invoice identifiers block review
ok 216 - merged distinct invoice identifiers block review
  ---
  duration_ms: 0.280973
  type: 'test'
  ...
# Subtest: invoice issue date is not a consumption date
ok 217 - invoice issue date is not a consumption date
  ---
  duration_ms: 0.327143
  type: 'test'
  ...
# Subtest: multiple quantity lines never auto-summed
ok 218 - multiple quantity lines never auto-summed
  ---
  duration_ms: 0.282245
  type: 'test'
  ...
# Subtest: no OCR output is fabricated
ok 219 - no OCR output is fabricated
  ---
  duration_ms: 0.250166
  type: 'test'
  ...
# Subtest: page ranges cannot exceed file
ok 220 - page ranges cannot exceed file
  ---
  duration_ms: 0.130997
  type: 'test'
  ...
# Subtest: invoice dedupe survives capitalization and punctuation
ok 221 - invoice dedupe survives capitalization and punctuation
  ---
  duration_ms: 0.626883
  type: 'test'
  ...
# Subtest: different explicit line IDs remain distinguishable
ok 222 - different explicit line IDs remain distinguishable
  ---
  duration_ms: 0.117617
  type: 'test'
  ...
# Subtest: CSV formula injection neutralized without dropping text
ok 223 - CSV formula injection neutralized without dropping text
  ---
  duration_ms: 0.174152
  type: 'test'
  ...
# Subtest: actual XLSX reads all three sheets and ignores formula cache
ok 224 - actual XLSX reads all three sheets and ignores formula cache
  ---
  duration_ms: 712.968389
  type: 'test'
  ...
# Subtest: typed Excel dates are ISO, hidden rows and merged metadata preserved
ok 225 - typed Excel dates are ISO, hidden rows and merged metadata preserved
  ---
  duration_ms: 664.160502
  type: 'test'
  ...
# Subtest: bounded parser rejects macro.xlsx
ok 226 - bounded parser rejects macro.xlsx
  ---
  duration_ms: 583.800225
  type: 'test'
  ...
# Subtest: bounded parser rejects traversal.xlsx
ok 227 - bounded parser rejects traversal.xlsx
  ---
  duration_ms: 625.377436
  type: 'test'
  ...
# Subtest: bounded parser rejects entities.xlsx
ok 228 - bounded parser rejects entities.xlsx
  ---
  duration_ms: 536.982954
  type: 'test'
  ...
# Subtest: bounded parser rejects external.xlsx
ok 229 - bounded parser rejects external.xlsx
  ---
  duration_ms: 527.512067
  type: 'test'
  ...
# Subtest: bounded parser rejects zipbomb.xlsx
ok 230 - bounded parser rejects zipbomb.xlsx
  ---
  duration_ms: 567.479456
  type: 'test'
  ...
# Subtest: bounded parser rejects rows.xlsx
ok 231 - bounded parser rejects rows.xlsx
  ---
  duration_ms: 606.450995
  type: 'test'
  ...
# Subtest: bounded parser rejects columns.xlsx
ok 232 - bounded parser rejects columns.xlsx
  ---
  duration_ms: 690.537162
  type: 'test'
  ...
# Subtest: bounded parser rejects 31pages.pdf
ok 233 - bounded parser rejects 31pages.pdf
  ---
  duration_ms: 585.997916
  type: 'test'
  ...
# Subtest: corrupt XLSX rejected rather than treated as empty sheet
ok 234 - corrupt XLSX rejected rather than treated as empty sheet
  ---
  duration_ms: 581.951929
  type: 'test'
  ...
# Subtest: UTF8 semicolon CSV uses observed delimiter
ok 235 - UTF8 semicolon CSV uses observed delimiter
  ---
  duration_ms: 570.847718
  type: 'test'
  ...
# Subtest: CSV with binary NUL is rejected
ok 236 - CSV with binary NUL is rejected
  ---
  duration_ms: 552.652539
  type: 'test'
  ...
# Subtest: Poppler reads all six invoice pages without OCR
ok 237 - Poppler reads all six invoice pages without OCR
  ---
  duration_ms: 602.528646
  type: 'test'
  ...
# Subtest: image-only PDF is explicitly manual
ok 238 - image-only PDF is explicitly manual
  ---
  duration_ms: 588.999767
  type: 'test'
  ...
# Subtest: unavailable parser produces explicit manual fallback not invented fields
ok 239 - unavailable parser produces explicit manual fallback not invented fields
  ---
  duration_ms: 554.756644
  type: 'test'
  ...
# Subtest: parser wall time and output limits terminate process
ok 240 - parser wall time and output limits terminate process
  ---
  duration_ms: 432.136726
  type: 'test'
  ...
# Subtest: normalized XLSX exports literal values, never formulas
ok 241 - normalized XLSX exports literal values, never formulas
  ---
  duration_ms: 1350.709226
  type: 'test'
  ...
# Subtest: upload accepts XLSX only with correct extension, signature and MIME
ok 242 - upload accepts XLSX only with correct extension, signature and MIME
  ---
  duration_ms: 2.886483
  type: 'test'
  ...
# Subtest: canonical request hashing ignores JSON key ordering
ok 243 - canonical request hashing ignores JSON key ordering
  ---
  duration_ms: 1.093916
  type: 'test'
  ...
# Subtest: decimal strings normalize without binary floating point
ok 244 - decimal strings normalize without binary floating point
  ---
  duration_ms: 0.229876
  type: 'test'
  ...
# Subtest: reject invalid consumption 1
ok 245 - reject invalid consumption 1
  ---
  duration_ms: 0.560063
  type: 'test'
  ...
# Subtest: reject invalid consumption "1e3"
ok 246 - reject invalid consumption "1e3"
  ---
  duration_ms: 0.202876
  type: 'test'
  ...
# Subtest: reject invalid consumption "-1"
ok 247 - reject invalid consumption "-1"
  ---
  duration_ms: 0.085558
  type: 'test'
  ...
# Subtest: reject invalid consumption "01"
ok 248 - reject invalid consumption "01"
  ---
  duration_ms: 0.065769
  type: 'test'
  ...
# Subtest: reject invalid consumption "1.0000001"
ok 249 - reject invalid consumption "1.0000001"
  ---
  duration_ms: 0.115754
  type: 'test'
  ...
# Subtest: reject invalid consumption "NaN"
ok 250 - reject invalid consumption "NaN"
  ---
  duration_ms: 0.064667
  type: 'test'
  ...
# Subtest: reject invalid consumption "Infinity"
ok 251 - reject invalid consumption "Infinity"
  ---
  duration_ms: 1.210932
  type: 'test'
  ...
# Subtest: reject invalid consumption "0"
ok 252 - reject invalid consumption "0"
  ---
  duration_ms: 0.295644
  type: 'test'
  ...
# Subtest: reject invalid consumption "1000000000000"
ok 253 - reject invalid consumption "1000000000000"
  ---
  duration_ms: 0.163677
  type: 'test'
  ...
# Subtest: zero money is allowed while zero consumption is not
ok 254 - zero money is allowed while zero consumption is not
  ---
  duration_ms: 0.126931
  type: 'test'
  ...
# Subtest: exact multiplication keeps decimal result
ok 255 - exact multiplication keeps decimal result
  ---
  duration_ms: 0.165268
  type: 'test'
  ...
# Subtest: rounding half-up to six decimal places
ok 256 - rounding half-up to six decimal places
  ---
  duration_ms: 0.13957
  type: 'test'
  ...
# Subtest: large products do not use JS safe-integer arithmetic
ok 257 - large products do not use JS safe-integer arithmetic
  ---
  duration_ms: 0.091377
  type: 'test'
  ...
# Subtest: strict dates reject February overflow
ok 258 - strict dates reject February overflow
  ---
  duration_ms: 0.40546
  type: 'test'
  ...
# Subtest: leap date accepted
ok 259 - leap date accepted
  ---
  duration_ms: 0.100671
  type: 'test'
  ...
# Subtest: activity scope is derived from category
ok 260 - activity scope is derived from category
  ---
  duration_ms: 0.359641
  type: 'test'
  ...
# Subtest: money cannot replace a consumption quantity
ok 261 - money cannot replace a consumption quantity
  ---
  duration_ms: 0.13272
  type: 'test'
  ...
# Subtest: canonical unit mismatch rejected
ok 262 - canonical unit mismatch rejected
  ---
  duration_ms: 0.088192
  type: 'test'
  ...
# Subtest: caller cannot select a tenant in an activity payload
ok 263 - caller cannot select a tenant in an activity payload
  ---
  duration_ms: 0.07317
  type: 'test'
  ...
# Subtest: caller cannot override the accounting scope
ok 264 - caller cannot override the accounting scope
  ---
  duration_ms: 0.073601
  type: 'test'
  ...
# Subtest: semantic duplicate fingerprint is independent of description
ok 265 - semantic duplicate fingerprint is independent of description
  ---
  duration_ms: 0.976939
  type: 'test'
  ...
# Subtest: duplicate override requires a substantive reason
ok 266 - duplicate override requires a substantive reason
  ---
  duration_ms: 0.127622
  type: 'test'
  ...
# Subtest: creator may submit own draft
ok 267 - creator may submit own draft
  ---
  duration_ms: 0.202975
  type: 'test'
  ...
# Subtest: other data-entry user cannot submit
ok 268 - other data-entry user cannot submit
  ---
  duration_ms: 0.089014
  type: 'test'
  ...
# Subtest: leadership cannot approve
ok 269 - leadership cannot approve
  ---
  duration_ms: 0.097026
  type: 'test'
  ...
# Subtest: admin cannot self-approve
ok 270 - admin cannot self-approve
  ---
  duration_ms: 0.075954
  type: 'test'
  ...
# Subtest: separate reviewer can verify
ok 271 - separate reviewer can verify
  ---
  duration_ms: 0.056194
  type: 'test'
  ...
# Subtest: stale writes are rejected before state mutation
ok 272 - stale writes are rejected before state mutation
  ---
  duration_ms: 0.120672
  type: 'test'
  ...
# Subtest: cannot skip review
ok 273 - cannot skip review
  ---
  duration_ms: 0.092459
  type: 'test'
  ...
# Subtest: reject requires reason
ok 274 - reject requires reason
  ---
  duration_ms: 0.086971
  type: 'test'
  ...
# Subtest: keyset cursor round-trip preserves timestamp and UUID
ok 275 - keyset cursor round-trip preserves timestamp and UUID
  ---
  duration_ms: 0.749196
  type: 'test'
  ...
# Subtest: invalid cursors rejected
ok 276 - invalid cursors rejected
  ---
  duration_ms: 0.123606
  type: 'test'
  ...
# Subtest: list requests cannot bypass the page cap
ok 277 - list requests cannot bypass the page cap
  ---
  duration_ms: 0.078658
  type: 'test'
  ...
# Subtest: session tokens use random secrets and tenant-scoped hashes
ok 278 - session tokens use random secrets and tenant-scoped hashes
  ---
  duration_ms: 0.375535
  type: 'test'
  ...
# Subtest: malformed bearer rejected
ok 279 - malformed bearer rejected
  ---
  duration_ms: 0.122064
  type: 'test'
  ...
# Subtest: password hashing uses async scrypt and verifies without plaintext storage
ok 280 - password hashing uses async scrypt and verifies without plaintext storage
  ---
  duration_ms: 260.47994
  type: 'test'
  ...
# Subtest: short passwords rejected
ok 281 - short passwords rejected
  ---
  duration_ms: 0.502075
  type: 'test'
  ...
# Subtest: weak idempotency key rejected
ok 282 - weak idempotency key rejected
  ---
  duration_ms: 0.156395
  type: 'test'
  ...
# Subtest: internal errors never expose database messages
ok 283 - internal errors never expose database messages
  ---
  duration_ms: 0.177427
  type: 'test'
  ...
# Subtest: unique conflict has a safe machine-readable error
ok 284 - unique conflict has a safe machine-readable error
  ---
  duration_ms: 0.116155
  type: 'test'
  ...
# Subtest: default config is bounded and development only
ok 285 - default config is bounded and development only
  ---
  duration_ms: 0.415034
  type: 'test'
  ...
# Subtest: production rejects insecure database transport
ok 286 - production rejects insecure database transport
  ---
  duration_ms: 0.11908
  type: 'test'
  ...
# Subtest: production rejects HTTP browser origins
ok 287 - production rejects HTTP browser origins
  ---
  duration_ms: 0.114141
  type: 'test'
  ...
# Subtest: database URL cannot override TLS verification
ok 288 - database URL cannot override TLS verification
  ---
  duration_ms: 0.177667
  type: 'test'
  ...
# Subtest: pool size has a hard bound
ok 289 - pool size has a hard bound
  ---
  duration_ms: 0.129826
  type: 'test'
  ...
# Subtest: request digest secret is mandatory
ok 290 - request digest secret is mandatory
  ---
  duration_ms: 0.105299
  type: 'test'
  ...
# Subtest: file type uses bytes, not just extension
ok 291 - file type uses bytes, not just extension
  ---
  duration_ms: 0.292881
  type: 'test'
  ...
# Subtest: MIME spoof is rejected
ok 292 - MIME spoof is rejected
  ---
  duration_ms: 0.147121
  type: 'test'
  ...
# Subtest: filename cannot escape a directory
ok 293 - filename cannot escape a directory
  ---
  duration_ms: 0.171057
  type: 'test'
  ...
# Subtest: HTML and executable files are not accepted
ok 294 - HTML and executable files are not accepted
  ---
  duration_ms: 0.101623
  type: 'test'
  ...
# Subtest: empty upload rejected
ok 295 - empty upload rejected
  ---
  duration_ms: 0.072309
  type: 'test'
  ...
# Subtest: upload size cap enforced
ok 296 - upload size cap enforced
  ---
  duration_ms: 0.067652
  type: 'test'
  ...
# Subtest: extraction never converts money into consumption
ok 297 - extraction never converts money into consumption
  ---
  duration_ms: 0.92391
  type: 'test'
  ...
# Subtest: MWh is explicitly normalized to kWh with a warning
ok 298 - MWh is explicitly normalized to kWh with a warning
  ---
  duration_ms: 1.450501
  type: 'test'
  ...
# Subtest: ambiguous invoice consumption lines force manual review
ok 299 - ambiguous invoice consumption lines force manual review
  ---
  duration_ms: 0.086089
  type: 'test'
  ...
# Subtest: bounded extraction executes real text parsing in a worker thread
ok 300 - bounded extraction executes real text parsing in a worker thread
  ---
  duration_ms: 34.757461
  type: 'test'
  ...
# Subtest: real sample PDF parser is retained and works within the bounded worker
ok 301 - real sample PDF parser is retained and works within the bounded worker
  ---
  duration_ms: 31.813594
  type: 'test'
  ...
# Subtest: metrics expose bounded status labels, not personal IDs or paths
ok 302 - metrics expose bounded status labels, not personal IDs or paths
  ---
  duration_ms: 0.926013
  type: 'test'
  ...
# Subtest: university catalog includes 15 explicit Scope 3 screening categories
ok 303 - university catalog includes 15 explicit Scope 3 screening categories
  ---
  duration_ms: 0.941356
  type: 'test'
  ...
# Subtest: student commuting is supplemental, not silently employee category 7
ok 304 - student commuting is supplemental, not silently employee category 7
  ---
  duration_ms: 0.097667
  type: 'test'
  ...
# Subtest: university templates include water, lab waste, dining, academic and normalization metrics
ok 305 - university templates include water, lab waste, dining, academic and normalization metrics
  ---
  duration_ms: 0.219781
  type: 'test'
  ...
# Subtest: physical factor normalizes exact decimals without assigning official provenance
ok 306 - physical factor normalizes exact decimals without assigning official provenance
  ---
  duration_ms: 0.922528
  type: 'test'
  ...
# Subtest: spend-based factor requires currency and base price year
ok 307 - spend-based factor requires currency and base price year
  ---
  duration_ms: 0.474484
  type: 'test'
  ...
# Subtest: physical factors reject money-method mismatch
ok 308 - physical factors reject money-method mismatch
  ---
  duration_ms: 0.118528
  type: 'test'
  ...
# Subtest: factor sources must be HTTPS without embedded credentials
ok 309 - factor sources must be HTTPS without embedded credentials
  ---
  duration_ms: 0.286421
  type: 'test'
  ...
# Subtest: factors reject backward validity dates
ok 310 - factors reject backward validity dates
  ---
  duration_ms: 0.118529
  type: 'test'
  ...
# Subtest: factor zero is not fabricated as a clean-energy default
ok 311 - factor zero is not fabricated as a clean-energy default
  ---
  duration_ms: 0.29248
  type: 'test'
  ...
# Subtest: emission input uses exact quantity and server-derived scope
ok 312 - emission input uses exact quantity and server-derived scope
  ---
  duration_ms: 1.095508
  type: 'test'
  ...
# Subtest: reject invalid input quantity 100
ok 313 - reject invalid input quantity 100
  ---
  duration_ms: 0.275695
  type: 'test'
  ...
# Subtest: reject invalid input quantity -1
ok 314 - reject invalid input quantity -1
  ---
  duration_ms: 0.209385
  type: 'test'
  ...
# Subtest: reject invalid input quantity 1e3
ok 315 - reject invalid input quantity 1e3
  ---
  duration_ms: 0.199259
  type: 'test'
  ...
# Subtest: reject invalid input quantity NaN
ok 316 - reject invalid input quantity NaN
  ---
  duration_ms: 0.125769
  type: 'test'
  ...
# Subtest: reject invalid input quantity 1.0000001
ok 317 - reject invalid input quantity 1.0000001
  ---
  duration_ms: 0.142584
  type: 'test'
  ...
# Subtest: reject invalid input quantity 0
ok 318 - reject invalid input quantity 0
  ---
  duration_ms: 0.713012
  type: 'test'
  ...
# Subtest: reject invalid input quantity 1000000000000
ok 319 - reject invalid input quantity 1000000000000
  ---
  duration_ms: 0.087873
  type: 'test'
  ...
# Subtest: tenant, scope, approval and computed values cannot be supplied by caller
ok 320 - tenant, scope, approval and computed values cannot be supplied by caller
  ---
  duration_ms: 0.203066
  type: 'test'
  ...
# Subtest: unapproved factor or unit mismatch blocks calculation
ok 321 - unapproved factor or unit mismatch blocks calculation
  ---
  duration_ms: 0.264898
  type: 'test'
  ...
# Subtest: spend quantity and factor must have exactly the same price basis
ok 322 - spend quantity and factor must have exactly the same price basis
  ---
  duration_ms: 0.245499
  type: 'test'
  ...
# Subtest: estimates require a substantive assumptions note
ok 323 - estimates require a substantive assumptions note
  ---
  duration_ms: 0.14625
  type: 'test'
  ...
# Subtest: PCF-only factor categories cannot enter university inventory
ok 324 - PCF-only factor categories cannot enter university inventory
  ---
  duration_ms: 0.102604
  type: 'test'
  ...
# Subtest: decimal multiplication is exact and half-up at micro-kg precision
ok 325 - decimal multiplication is exact and half-up at micro-kg precision
  ---
  duration_ms: 0.248914
  type: 'test'
  ...
# Subtest: large sums are not limited by JavaScript Number precision
ok 326 - large sums are not limited by JavaScript Number precision
  ---
  duration_ms: 0.127191
  type: 'test'
  ...
# Subtest: zero denominator returns null rather than misleading zero intensity
ok 327 - zero denominator returns null rather than misleading zero intensity
  ---
  duration_ms: 0.10639
  type: 'test'
  ...
# Subtest: signed observed changes preserve negative reduction percentages
ok 328 - signed observed changes preserve negative reduction percentages
  ---
  duration_ms: 0.085779
  type: 'test'
  ...
# Subtest: commuting distance includes explicit round-trip days and sampled participants
ok 329 - commuting distance includes explicit round-trip days and sampled participants
  ---
  duration_ms: 0.169745
  type: 'test'
  ...
# Subtest: commuting extrapolation is an explicit estimated operation
ok 330 - commuting extrapolation is an explicit estimated operation
  ---
  duration_ms: 0.134202
  type: 'test'
  ...
# Subtest: vehicle-km divides by occupancy, passenger-km must not do so
ok 331 - vehicle-km divides by occupancy, passenger-km must not do so
  ---
  duration_ms: 0.120431
  type: 'test'
  ...
# Subtest: commuting sampling and occupants are validated
ok 332 - commuting sampling and occupants are validated
  ---
  duration_ms: 0.104127
  type: 'test'
  ...
# Subtest: CSV parser handles quoted comma, doubled quote and newline
ok 333 - CSV parser handles quoted comma, doubled quote and newline
  ---
  duration_ms: 1.4229
  type: 'test'
  ...
# Subtest: reject malformed CSV "a,a\\n1,2"
ok 334 - reject malformed CSV "a,a\\n1,2"
  ---
  duration_ms: 0.198789
  type: 'test'
  ...
# Subtest: reject malformed CSV "a,b\\n1"
ok 335 - reject malformed CSV "a,b\\n1"
  ---
  duration_ms: 0.071848
  type: 'test'
  ...
# Subtest: reject malformed CSV "a\\n\\"unclosed"
ok 336 - reject malformed CSV "a\\n\\"unclosed"
  ---
  duration_ms: 0.049895
  type: 'test'
  ...
# Subtest: reject malformed CSV "a\\n\\"x\\"y"
ok 337 - reject malformed CSV "a\\n\\"x\\"y"
  ---
  duration_ms: 0.048383
  type: 'test'
  ...
# Subtest: reject malformed CSV "a\\nx\\"y"
ok 338 - reject malformed CSV "a\\nx\\"y"
  ---
  duration_ms: 0.116125
  type: 'test'
  ...
# Subtest: CSV row and byte limits are explicit
ok 339 - CSV row and byte limits are explicit
  ---
  duration_ms: 0.173962
  type: 'test'
  ...
# Subtest: CSV export neutralizes formula prefixes, including leading whitespace
ok 340 - CSV export neutralizes formula prefixes, including leading whitespace
  ---
  duration_ms: 0.178548
  type: 'test'
  ...
# Subtest: HTML exports escape active markup
ok 341 - HTML exports escape active markup
  ---
  duration_ms: 0.129855
  type: 'test'
  ...
# Subtest: supplier questionnaires validate answer types and missing fields
ok 342 - supplier questionnaires validate answer types and missing fields
  ---
  duration_ms: 0.356436
  type: 'test'
  ...
# Subtest: supplier questionnaires reject repeated keys and unknown answer fields
ok 343 - supplier questionnaires reject repeated keys and unknown answer fields
  ---
  duration_ms: 0.410217
  type: 'test'
  ...
# Subtest: materiality responses below privacy threshold are suppressed
ok 344 - materiality responses below privacy threshold are suppressed
  ---
  duration_ms: 0.228333
  type: 'test'
  ...
# Subtest: materiality flags both axes while suppressing small stakeholder groups
ok 345 - materiality flags both axes while suppressing small stakeholder groups
  ---
  duration_ms: 0.246781
  type: 'test'
  ...
# Subtest: materiality must score each topic once with bounded whole-number ratings
ok 346 - materiality must score each topic once with bounded whole-number ratings
  ---
  duration_ms: 0.164307
  type: 'test'
  ...
# Subtest: primary inventory excludes supplemental student emissions
ok 347 - primary inventory excludes supplemental student emissions
  ---
  duration_ms: 0.289436
  type: 'test'
  ...
# Subtest: latest approved KPI revision replaces prior value without double counting
ok 348 - latest approved KPI revision replaces prior value without double counting
  ---
  duration_ms: 0.229235
  type: 'test'
  ...
# Subtest: point-in-time headcounts are not added across collection intervals
ok 349 - point-in-time headcounts are not added across collection intervals
  ---
  duration_ms: 0.203957
  type: 'test'
  ...
# Subtest: percent observations have no mathematically invalid summed total
ok 350 - percent observations have no mathematically invalid summed total
  ---
  duration_ms: 0.102575
  type: 'test'
  ...
# Subtest: missing campus denominator blocks apparently precise intensity
ok 351 - missing campus denominator blocks apparently precise intensity
  ---
  duration_ms: 0.22578
  type: 'test'
  ...
# Subtest: Scope 3 coverage keeps unassessed categories visible
ok 352 - Scope 3 coverage keeps unassessed categories visible
  ---
  duration_ms: 0.27225
  type: 'test'
  ...
# Subtest: PCF allocation and functional-unit normalization are explicit and inventory-excluded
ok 353 - PCF allocation and functional-unit normalization are explicit and inventory-excluded
  ---
  duration_ms: 0.506272
  type: 'test'
  ...
# Subtest: PCF refuses spend proxies, missing factors and over-allocation
ok 354 - PCF refuses spend proxies, missing factors and over-allocation
  ---
  duration_ms: 0.258819
  type: 'test'
  ...
# Subtest: installing university catalog is repeatable and never seeds measurements or factors
ok 355 - installing university catalog is repeatable and never seeds measurements or factors
  ---
  duration_ms: 3.060834
  type: 'test'
  ...
# Subtest: department cannot reference another university campus
ok 356 - department cannot reference another university campus
  ---
  duration_ms: 0.657179
  type: 'test'
  ...
# Subtest: collection rejects overlapping intervals for the same KPI source
ok 357 - collection rejects overlapping intervals for the same KPI source
  ---
  duration_ms: 1.687058
  type: 'test'
  ...
# Subtest: normalization task must use one whole-period campus-wide bucket
ok 358 - normalization task must use one whole-period campus-wide bucket
  ---
  duration_ms: 0.830089
  type: 'test'
  ...
# Subtest: data-entry users cannot read or write another assignee task
ok 359 - data-entry users cannot read or write another assignee task
  ---
  duration_ms: 1.511573
  type: 'test'
  ...
# Subtest: KPI approval creates a snapshot and completes the task
ok 360 - KPI approval creates a snapshot and completes the task
  ---
  duration_ms: 2.815324
  type: 'test'
  ...
# Subtest: KPI cannot be submitted without required clean evidence
ok 361 - KPI cannot be submitted without required clean evidence
  ---
  duration_ms: 1.006133
  type: 'test'
  ...
# Subtest: quarantined document cannot be used as evidence
ok 362 - quarantined document cannot be used as evidence
  ---
  duration_ms: 0.842687
  type: 'test'
  ...
# Subtest: another administrator may not edit an author draft and then approve it
ok 363 - another administrator may not edit an author draft and then approve it
  ---
  duration_ms: 1.371242
  type: 'test'
  ...
# Subtest: maker-checker prevents self-approval even after elevation to administrator
ok 364 - maker-checker prevents self-approval even after elevation to administrator
  ---
  duration_ms: 1.743633
  type: 'test'
  ...
# Subtest: KPI correction preserves old snapshot and counts only the latest approved revision
ok 365 - KPI correction preserves old snapshot and counts only the latest approved revision
  ---
  duration_ms: 2.635044
  type: 'test'
  ...
# Subtest: KPI waiver records a reason and cannot hide already approved data
ok 366 - KPI waiver records a reason and cannot hide already approved data
  ---
  duration_ms: 0.986014
  type: 'test'
  ...
# Subtest: factor author cannot approve their own factor
ok 367 - factor author cannot approve their own factor
  ---
  duration_ms: 0.614264
  type: 'test'
  ...
# Subtest: Scope 3 approval requires declared included category and evidence
ok 368 - Scope 3 approval requires declared included category and evidence
  ---
  duration_ms: 1.264632
  type: 'test'
  ...
# Subtest: calculated emission retains exact factor provenance and evidence hash
ok 369 - calculated emission retains exact factor provenance and evidence hash
  ---
  duration_ms: 1.178352
  type: 'test'
  ...
# Subtest: repeat approval cannot create a second calculation
ok 370 - repeat approval cannot create a second calculation
  ---
  duration_ms: 0.658571
  type: 'test'
  ...
# Subtest: a category with calculated emissions cannot be excluded
ok 371 - a category with calculated emissions cannot be excluded
  ---
  duration_ms: 0.757209
  type: 'test'
  ...
# Subtest: data-entry emission read is author-scoped
ok 372 - data-entry emission read is author-scoped
  ---
  duration_ms: 0.625791
  type: 'test'
  ...
# Subtest: locked periods reject new university activity records
ok 373 - locked periods reject new university activity records
  ---
  duration_ms: 0.310797
  type: 'test'
  ...
# Subtest: approved void excludes a calculation without deleting the historical ledger
ok 374 - approved void excludes a calculation without deleting the historical ledger
  ---
  duration_ms: 1.519295
  type: 'test'
  ...
# Subtest: replacement activity requires an approved void
ok 375 - replacement activity requires an approved void
  ---
  duration_ms: 0.947646
  type: 'test'
  ...
# Subtest: CSV preview validates fields and references without adding records
ok 376 - CSV preview validates fields and references without adding records
  ---
  duration_ms: 1.014225
  type: 'test'
  ...
# Subtest: CSV commit inserts drafts atomically and rejects malformed batches before writing
ok 377 - CSV commit inserts drafts atomically and rejects malformed batches before writing
  ---
  duration_ms: 0.552351
  type: 'test'
  ...
# Subtest: overview combines original core ledger and new carbon records, but not student supplemental emissions
ok 378 - overview combines original core ledger and new carbon records, but not student supplemental emissions
  ---
  duration_ms: 1.761119
  type: 'test'
  ...
# Subtest: report snapshots require locked periods and an independent approver
ok 379 - report snapshots require locked periods and an independent approver
  ---
  duration_ms: 2.173349
  type: 'test'
  ...
# Subtest: period reopening invalidates approval of a stale report snapshot
ok 380 - period reopening invalidates approval of a stale report snapshot
  ---
  duration_ms: 1.212624
  type: 'test'
  ...
# Subtest: approved reports export frozen JSON, CSV and escaped print-ready HTML
ok 381 - approved reports export frozen JSON, CSV and escaped print-ready HTML
  ---
  duration_ms: 2.93869
  type: 'test'
  ...
# Subtest: snapshot corruption is detected before exporting
ok 382 - snapshot corruption is detected before exporting
  ---
  duration_ms: 1.408058
  type: 'test'
  ...
# Subtest: facts endpoint carries real record IDs and does not pretend to be AI
ok 383 - facts endpoint carries real record IDs and does not pretend to be AI
  ---
  duration_ms: 0.706753
  type: 'test'
  ...
# Subtest: supplier capability is stored hashed, returned once and can access only its questionnaire
ok 384 - supplier capability is stored hashed, returned once and can access only its questionnaire
  ---
  duration_ms: 1.840599
  type: 'test'
  ...
# Subtest: supplier response is single-use, needs evidence and separate internal approval, and does not post emissions
ok 385 - supplier response is single-use, needs evidence and separate internal approval, and does not post emissions
  ---
  duration_ms: 1.068817
  type: 'test'
  ...
# Subtest: revoked or expired capability cannot be used
ok 386 - revoked or expired capability cannot be used
  ---
  duration_ms: 0.447714
  type: 'test'
  ...
# Subtest: full materiality flow gathers consented anonymous responses and publishes only aggregates
ok 387 - full materiality flow gathers consented anonymous responses and publishes only aggregates
  ---
  duration_ms: 1.906969
  type: 'test'
  ...
# Subtest: materiality publication refuses inadequate response numbers
ok 388 - materiality publication refuses inadequate response numbers
  ---
  duration_ms: 0.273612
  type: 'test'
  ...
# Subtest: targets use a frozen approved baseline and planned initiatives never deduct emissions
ok 389 - targets use a frozen approved baseline and planned initiatives never deduct emissions
  ---
  duration_ms: 1.813638
  type: 'test'
  ...
# Subtest: PCF preview and approval remain outside the emissions ledger
ok 390 - PCF preview and approval remain outside the emissions ledger
  ---
  duration_ms: 1.041256
  type: 'test'
  ...
# Subtest: all university operation method/path pairs are unique
ok 391 - all university operation method/path pairs are unique
  ---
  duration_ms: 0.856228
  type: 'test'
  ...
# Subtest: leadership cannot create, approve or mutate university records
ok 392 - leadership cannot create, approve or mutate university records
  ---
  duration_ms: 0.809647
  type: 'test'
  ...
# Subtest: unknown routes and query tenant switching are rejected
ok 393 - unknown routes and query tenant switching are rejected
  ---
  duration_ms: 0.833464
  type: 'test'
  ...
# Subtest: university routes pass through existing authentication and rate limit middleware
ok 394 - university routes pass through existing authentication and rate limit middleware
  ---
  duration_ms: 22.882249
  type: 'test'
  ...
# Subtest: unauthenticated university access never reaches the domain router
ok 395 - unauthenticated university access never reaches the domain router
  ---
  duration_ms: 6.051252
  type: 'test'
  ...
# Subtest: university mutation passes decoded JSON, idempotency key and authenticated actor
ok 396 - university mutation passes decoded JSON, idempotency key and authenticated actor
  ---
  duration_ms: 7.136224
  type: 'test'
  ...
# Subtest: JSON content type, malformed JSON and size limits are enforced before university dispatch
ok 397 - JSON content type, malformed JSON and size limits are enforced before university dispatch
  ---
  duration_ms: 7.988836
  type: 'test'
  ...
# Subtest: tenant ID query field is blocked even before the university handler
ok 398 - tenant ID query field is blocked even before the university handler
  ---
  duration_ms: 2.383865
  type: 'test'
  ...
# Subtest: report export returns downloadable bytes rather than a JSON envelope
ok 399 - report export returns downloadable bytes rather than a JSON envelope
  ---
  duration_ms: 3.451963
  type: 'test'
  ...
# Subtest: capability portal is separate from employee login and refuses URL tokens
ok 400 - capability portal is separate from employee login and refuses URL tokens
  ---
  duration_ms: 4.967983
  type: 'test'
  ...
# Subtest: capability parsing requires exact format and verifies expiration, hash and revocation
ok 401 - capability parsing requires exact format and verifies expiration, hash and revocation
  ---
  duration_ms: 1.054927
  type: 'test'
  ...
# Subtest: repository includes explicit tenant predicate and uses parameters for record IDs
ok 402 - repository includes explicit tenant predicate and uses parameters for record IDs
  ---
  duration_ms: 1.740699
  type: 'test'
  ...
# Subtest: repository rejects unknown table identifiers rather than interpolating them
ok 403 - repository rejects unknown table identifiers rather than interpolating them
  ---
  duration_ms: 0.421985
  type: 'test'
  ...
# Subtest: repository rejects untrusted column identifiers
ok 404 - repository rejects untrusted column identifiers
  ---
  duration_ms: 0.248483
  type: 'test'
  ...
# Subtest: SQL values such as descriptions are parameterized
ok 405 - SQL values such as descriptions are parameterized
  ---
  duration_ms: 0.201633
  type: 'test'
  ...
# Subtest: repository write serializes evidence IDs as JSON, not a PostgreSQL text array
ok 406 - repository write serializes evidence IDs as JSON, not a PostgreSQL text array
  ---
  duration_ms: 0.238048
  type: 'test'
  ...
# Subtest: repository forbids overriding tenant on insert and identity on update
ok 407 - repository forbids overriding tenant on insert and identity on update
  ---
  duration_ms: 0.328464
  type: 'test'
  ...
# Subtest: repository user reference queries never select password hashes
ok 408 - repository user reference queries never select password hashes
  ---
  duration_ms: 0.221022
  type: 'test'
  ...
# Subtest: lexical search escapes wildcard characters and never interpolates user text
ok 409 - lexical search escapes wildcard characters and never interpolates user text
  ---
  duration_ms: 0.231478
  type: 'test'
  ...
# Subtest: transaction snapshot sets isolation before its first query and keeps tenant local
ok 410 - transaction snapshot sets isolation before its first query and keeps tenant local
  ---
  duration_ms: 0.467944
  type: 'test'
  ...
# Subtest: transaction failure rolls back and releases the connection
ok 411 - transaction failure rolls back and releases the connection
  ---
  duration_ms: 0.470738
  type: 'test'
  ...
# Subtest: migration plan includes unchanged core plus additive university migration
ok 412 - migration plan includes unchanged core plus additive university migration
  ---
  duration_ms: 7.679181
  type: 'test'
  ...
# Subtest: university migration declares forced RLS, tenant composite references and immutable snapshots
ok 413 - university migration declares forced RLS, tenant composite references and immutable snapshots
  ---
  duration_ms: 0.577559
  type: 'test'
  ...
1..413
# tests 413
# suites 0
# pass 413
# fail 0
# cancelled 0
# skipped 0
# todo 0
# duration_ms 12527.079205
