
> carbonsynq-scale-api@2.4.0-operations-rc.1 test
> node --test tests/unit.test.mjs tests/http.test.mjs tests/adapters.test.mjs tests/university/core.test.mjs tests/university/domain.test.mjs tests/university/http.test.mjs tests/university/store.test.mjs tests/carbon/core.test.mjs tests/carbon/domain.test.mjs tests/carbon/contract.test.mjs tests/ingestion/normalize.test.mjs tests/ingestion/domain.test.mjs tests/ingestion/parser.test.mjs tests/ingestion/http.test.mjs tests/operations/*.test.mjs

TAP version 13
# Subtest: tenant transaction sets local tenant context and uses one connection
ok 1 - tenant transaction sets local tenant context and uses one connection
  ---
  duration_ms: 1.908508
  type: 'test'
  ...
# Subtest: transaction errors roll back and release the connection
ok 2 - transaction errors roll back and release the connection
  ---
  duration_ms: 0.659694
  type: 'test'
  ...
# Subtest: a broken rollback destroys rather than recycles the connection
ok 3 - a broken rollback destroys rather than recycles the connection
  ---
  duration_ms: 0.288966
  type: 'test'
  ...
# Subtest: an uncertain COMMIT is not automatically replayed
ok 4 - an uncertain COMMIT is not automatically replayed
  ---
  duration_ms: 0.20572
  type: 'test'
  ...
# Subtest: runtime refuses superuser database credentials
ok 5 - runtime refuses superuser database credentials
  ---
  duration_ms: 0.363047
  type: 'test'
  ...
# Subtest: runtime refuses table-owning application role
ok 6 - runtime refuses table-owning application role
  ---
  duration_ms: 0.169626
  type: 'test'
  ...
# Subtest: idempotency returns stored response instead of running a second mutation
ok 7 - idempotency returns stored response instead of running a second mutation
  ---
  duration_ms: 1.141521
  type: 'test'
  ...
# Subtest: enqueue uses a unique dedupe key and delayed durable availability
ok 8 - enqueue uses a unique dedupe key and delayed durable availability
  ---
  duration_ms: 0.179201
  type: 'test'
  ...
# Subtest: claim SQL uses skip-locked row locking, an attempt cap and a fresh lease token
ok 9 - claim SQL uses skip-locked row locking, an attempt cap and a fresh lease token
  ---
  duration_ms: 0.631542
  type: 'test'
  ...
# Subtest: stale worker cannot obtain a finalization fence
ok 10 - stale worker cannot obtain a finalization fence
  ---
  duration_ms: 0.600976
  type: 'test'
  ...
# Subtest: ClamD client sends correct bounded INSTREAM frames
ok 11 - ClamD client sends correct bounded INSTREAM frames
  ---
  duration_ms: 19.938072
  type: 'test'
  ...
# Subtest: ClamD FOUND verdict prevents clean acceptance
ok 12 - ClamD FOUND verdict prevents clean acceptance
  ---
  duration_ms: 3.085602
  type: 'test'
  ...
# Subtest: scanner errors fail closed rather than claiming CLEAN
ok 13 - scanner errors fail closed rather than claiming CLEAN
  ---
  duration_ms: 1.937081
  type: 'test'
  ...
# Subtest: connection refusal fails scanning
ok 14 - connection refusal fails scanning
  ---
  duration_ms: 1.674916
  type: 'test'
  ...
# Subtest: migration structurally includes RLS, composite FKs and immutable ledgers (not a database execution test)
ok 15 - migration structurally includes RLS, composite FKs and immutable ledgers (not a database execution test)
  ---
  duration_ms: 2.015439
  type: 'test'
  ...
# Subtest: 49 real operations have schema and matching permission metadata
ok 16 - 49 real operations have schema and matching permission metadata
  ---
  duration_ms: 15.350765
  type: 'test'
  ...
# Subtest: carbon contract has 10 unique tenant tables, not dynamically accepted SQL
ok 17 - carbon contract has 10 unique tenant tables, not dynamically accepted SQL
  ---
  duration_ms: 1.475755
  type: 'test'
  ...
# Subtest: all mutation routes exclude leadership and previews have no idempotent write cache
ok 18 - all mutation routes exclude leadership and previews have no idempotent write cache
  ---
  duration_ms: 0.354224
  type: 'test'
  ...
# Subtest: query tenant switching fails before any database access
ok 19 - query tenant switching fails before any database access
  ---
  duration_ms: 1.685652
  type: 'test'
  ...
# Subtest: migrations remain contiguous through operations version 5
ok 20 - migrations remain contiguous through operations version 5
  ---
  duration_ms: 3.335178
  type: 'test'
  ...
# Subtest: allocation-used SQL filters tenant, calculated records and approved voids
ok 21 - allocation-used SQL filters tenant, calculated records and approved voids
  ---
  duration_ms: 0.472823
  type: 'test'
  ...
# Subtest: full HTTP middleware to domain: create, submit, approve, inventory and unauthorized checks
ok 22 - full HTTP middleware to domain: create, submit, approve, inventory and unauthorized checks
  ---
  duration_ms: 66.6752
  type: 'test'
  ...
# Subtest: fuel stock consumes 280 litres, not total purchases
ok 23 - fuel stock consumes 280 litres, not total purchases
  ---
  duration_ms: 1.384488
  type: 'test'
  ...
# Subtest: negative stock is rejected rather than clamped
ok 24 - negative stock is rejected rather than clamped
  ---
  duration_ms: 0.532143
  type: 'test'
  ...
# Subtest: fuel balance refuses currency
ok 25 - fuel balance refuses currency
  ---
  duration_ms: 0.137688
  type: 'test'
  ...
# Subtest: meter uses multiplier
ok 26 - meter uses multiplier
  ---
  duration_ms: 0.188634
  type: 'test'
  ...
# Subtest: single documented rollover uses exclusive maximum
ok 27 - single documented rollover uses exclusive maximum
  ---
  duration_ms: 0.128704
  type: 'test'
  ...
# Subtest: negative meter without rollover refuses reset
ok 28 - negative meter without rollover refuses reset
  ---
  duration_ms: 0.141684
  type: 'test'
  ...
# Subtest: rollover cannot be fabricated on positive movement
ok 29 - rollover cannot be fabricated on positive movement
  ---
  duration_ms: 0.168594
  type: 'test'
  ...
# Subtest: refrigerant balance excludes recovered closing stock and transferred gas
ok 30 - refrigerant balance excludes recovered closing stock and transferred gas
  ---
  duration_ms: 0.104437
  type: 'test'
  ...
# Subtest: refrigerant purchases do not qualify as leak-only topup
ok 31 - refrigerant purchases do not qualify as leak-only topup
  ---
  duration_ms: 0.409828
  type: 'test'
  ...
# Subtest: documented topup permits loss replacement
ok 32 - documented topup permits loss replacement
  ---
  duration_ms: 0.461626
  type: 'test'
  ...
# Subtest: exact delivered-energy conversion MWh 1.2
ok 33 - exact delivered-energy conversion MWh 1.2
  ---
  duration_ms: 0.154163
  type: 'test'
  ...
# Subtest: exact delivered-energy conversion GJ 3.6
ok 34 - exact delivered-energy conversion GJ 3.6
  ---
  duration_ms: 0.06647
  type: 'test'
  ...
# Subtest: exact delivered-energy conversion GJ 1
ok 35 - exact delivered-energy conversion GJ 1
  ---
  duration_ms: 0.046771
  type: 'test'
  ...
# Subtest: exact delivered-energy conversion kWh 12
ok 36 - exact delivered-energy conversion kWh 12
  ---
  duration_ms: 0.136776
  type: 'test'
  ...
# Subtest: electricity exports do not subtract gross imports
ok 37 - electricity exports do not subtract gross imports
  ---
  duration_ms: 0.109465
  type: 'test'
  ...
# Subtest: negative campus balance must be reconciled
ok 38 - negative campus balance must be reconciled
  ---
  duration_ms: 0.235114
  type: 'test'
  ...
# Subtest: factor gas breakdown computes CO2 CH4 N2O exactly
ok 39 - factor gas breakdown computes CO2 CH4 N2O exactly
  ---
  duration_ms: 1.816339
  type: 'test'
  ...
# Subtest: biogenic CO2 separate but CH4 and N2O remain in inventory
ok 40 - biogenic CO2 separate but CH4 and N2O remain in inventory
  ---
  duration_ms: 0.183847
  type: 'test'
  ...
# Subtest: aggregate CO2e cannot have extra gases added
ok 41 - aggregate CO2e cannot have extra gases added
  ---
  duration_ms: 0.129846
  type: 'test'
  ...
# Subtest: combustion CO2 alone is not presented as all gases
ok 42 - combustion CO2 alone is not presented as all gases
  ---
  duration_ms: 0.109686
  type: 'test'
  ...
# Subtest: named refrigerant GWP is supplied explicitly
ok 43 - named refrigerant GWP is supplied explicitly
  ---
  duration_ms: 0.184217
  type: 'test'
  ...
# Subtest: refrigerant factor must match gas name and unit mass
ok 44 - refrigerant factor must match gas name and unit mass
  ---
  duration_ms: 0.239742
  type: 'test'
  ...
# Subtest: Scope2 CO2-only factor must instead be documented CO2e
ok 45 - Scope2 CO2-only factor must instead be documented CO2e
  ---
  duration_ms: 0.191799
  type: 'test'
  ...
# Subtest: zero factor requires explanation
ok 46 - zero factor requires explanation
  ---
  duration_ms: 0.403499
  type: 'test'
  ...
# Subtest: precision survives quantities beyond float safe integer
ok 47 - precision survives quantities beyond float safe integer
  ---
  duration_ms: 0.206621
  type: 'test'
  ...
# Subtest: market allocation computes remaining consumption with residual
ok 48 - market allocation computes remaining consumption with residual
  ---
  duration_ms: 0.421165
  type: 'test'
  ...
# Subtest: unmatched market quantity cannot be silently zero
ok 49 - unmatched market quantity cannot be silently zero
  ---
  duration_ms: 0.087242
  type: 'test'
  ...
# Subtest: market over-allocation rejected
ok 50 - market over-allocation rejected
  ---
  duration_ms: 0.132079
  type: 'test'
  ...
# Subtest: location commodity cannot be arbitrary
ok 51 - location commodity cannot be arbitrary
  ---
  duration_ms: 0.367554
  type: 'test'
  ...
# Subtest: all source kinds declare scope and unit
ok 52 - all source kinds declare scope and unit
  ---
  duration_ms: 0.277068
  type: 'test'
  ...
# Subtest: ten supplementary definitions are distinct and non-emissions records
ok 53 - ten supplementary definitions are distinct and non-emissions records
  ---
  duration_ms: 0.094322
  type: 'test'
  ...
# Subtest: instrument requires quality checks rather than checkbox-only claim
ok 54 - instrument requires quality checks rather than checkbox-only claim
  ---
  duration_ms: 0.485322
  type: 'test'
  ...
# Subtest: instrument cannot claim a future retirement
ok 55 - instrument cannot claim a future retirement
  ---
  duration_ms: 0.38149
  type: 'test'
  ...
# Subtest: same serial normalized independent of whitespace and case
ok 56 - same serial normalized independent of whitespace and case
  ---
  duration_ms: 0.982396
  type: 'test'
  ...
# Subtest: coverage reports leading and trailing missing days
ok 57 - coverage reports leading and trailing missing days
  ---
  duration_ms: 1.275803
  type: 'test'
  ...
# Subtest: adjacent periods give no missing dates
ok 58 - adjacent periods give no missing dates
  ---
  duration_ms: 6.842607
  type: 'test'
  ...
# Subtest: source and factor are tenant scoped and restricted by role
ok 59 - source and factor are tenant scoped and restricted by role
  ---
  duration_ms: 2.611588
  type: 'test'
  ...
# Subtest: factor maker cannot approve their own version
ok 60 - factor maker cannot approve their own version
  ---
  duration_ms: 1.108612
  type: 'test'
  ...
# Subtest: approved factors cannot be edited
ok 61 - approved factors cannot be edited
  ---
  duration_ms: 0.730712
  type: 'test'
  ...
# Subtest: boundary needs every campus included or explained
ok 62 - boundary needs every campus included or explained
  ---
  duration_ms: 1.090825
  type: 'test'
  ...
# Subtest: boundary requires source applicability checklist
ok 63 - boundary requires source applicability checklist
  ---
  duration_ms: 0.512883
  type: 'test'
  ...
# Subtest: boundary approval requires clean stored evidence
ok 64 - boundary approval requires clean stored evidence
  ---
  duration_ms: 1.137685
  type: 'test'
  ...
# Subtest: legacy rows block new enhanced ledger activation
ok 65 - legacy rows block new enhanced ledger activation
  ---
  duration_ms: 1.044735
  type: 'test'
  ...
# Subtest: new record cannot be created before boundary approved
ok 66 - new record cannot be created before boundary approved
  ---
  duration_ms: 1.024555
  type: 'test'
  ...
# Subtest: Scope1 draft submit approve produces traceable 268kg exact snapshot
ok 67 - Scope1 draft submit approve produces traceable 268kg exact snapshot
  ---
  duration_ms: 4.693857
  type: 'test'
  ...
# Subtest: drafts and submitted records excluded from inventory
ok 68 - drafts and submitted records excluded from inventory
  ---
  duration_ms: 1.644249
  type: 'test'
  ...
# Subtest: same physical source cannot have overlapping active intervals
ok 69 - same physical source cannot have overlapping active intervals
  ---
  duration_ms: 2.227869
  type: 'test'
  ...
# Subtest: ENTRY cannot write a different source owner or see their entries
ok 70 - ENTRY cannot write a different source owner or see their entries
  ---
  duration_ms: 1.844792
  type: 'test'
  ...
# Subtest: source factors require full interval and correct geography
ok 71 - source factors require full interval and correct geography
  ---
  duration_ms: 1.807826
  type: 'test'
  ...
# Subtest: preview creates no record and reserves no certificate
ok 72 - preview creates no record and reserves no certificate
  ---
  duration_ms: 2.535303
  type: 'test'
  ...
# Subtest: zero consumption must be explicitly justified
ok 73 - zero consumption must be explicitly justified
  ---
  duration_ms: 1.980516
  type: 'test'
  ...
# Subtest: estimated record requires assumptions
ok 74 - estimated record requires assumptions
  ---
  duration_ms: 1.148452
  type: 'test'
  ...
# Subtest: stale version cannot submit and maker cannot approve even admin
ok 75 - stale version cannot submit and maker cannot approve even admin
  ---
  duration_ms: 1.941828
  type: 'test'
  ...
# Subtest: period lock blocks writes without deleting historical calculations
ok 76 - period lock blocks writes without deleting historical calculations
  ---
  duration_ms: 3.71366
  type: 'test'
  ...
# Subtest: partial date coverage blocks final readiness
ok 77 - partial date coverage blocks final readiness
  ---
  duration_ms: 1.864341
  type: 'test'
  ...
# Subtest: reviewed no-activity declaration is distinct from missing data
ok 78 - reviewed no-activity declaration is distinct from missing data
  ---
  duration_ms: 1.138456
  type: 'test'
  ...
# Subtest: Scope2 location and market alternatives are not summed
ok 79 - Scope2 location and market alternatives are not summed
  ---
  duration_ms: 5.226891
  type: 'test'
  ...
# Subtest: market without unmatched-energy factor rejected, not assigned zero
ok 80 - market without unmatched-energy factor rejected, not assigned zero
  ---
  duration_ms: 4.286573
  type: 'test'
  ...
# Subtest: instrument beneficiary must match university
ok 81 - instrument beneficiary must match university
  ---
  duration_ms: 1.151747
  type: 'test'
  ...
# Subtest: instrument capacity checked again at approval after competing draft
ok 82 - instrument capacity checked again at approval after competing draft
  ---
  duration_ms: 2.816858
  type: 'test'
  ...
# Subtest: approved void releases instrument allocation without deleting history
ok 83 - approved void releases instrument allocation without deleting history
  ---
  duration_ms: 3.953065
  type: 'test'
  ...
# Subtest: boundary cannot reinterpret active calculations
ok 84 - boundary cannot reinterpret active calculations
  ---
  duration_ms: 1.298337
  type: 'test'
  ...
# Subtest: high-severity university finding gates report readiness
ok 85 - high-severity university finding gates report readiness
  ---
  duration_ms: 2.919632
  type: 'test'
  ...
# Subtest: late registered sources flagged as unassessed
ok 86 - late registered sources flagged as unassessed
  ---
  duration_ms: 1.143704
  type: 'test'
  ...
# Subtest: extra KPI install idempotent and seeds no activity values
ok 87 - extra KPI install idempotent and seeds no activity values
  ---
  duration_ms: 0.797163
  type: 'test'
  ...
# Subtest: full report snapshot includes both methods with shared primary inventory
ok 88 - full report snapshot includes both methods with shared primary inventory
  ---
  duration_ms: 2.485167
  type: 'test'
  ...
# Subtest: location-only report never silently claims market zero
ok 89 - location-only report never silently claims market zero
  ---
  duration_ms: 2.20219
  type: 'test'
  ...
# Subtest: CSV preview no writes; invalid batch atomically rejected
ok 90 - CSV preview no writes; invalid batch atomically rejected
  ---
  duration_ms: 1.858552
  type: 'test'
  ...
# Subtest: live export labels both method columns without an added total
ok 91 - live export labels both method columns without an added total
  ---
  duration_ms: 1.409535
  type: 'test'
  ...
# Subtest: source pathway with review and exact calculation: MOBILE_COMBUSTION
ok 92 - source pathway with review and exact calculation: MOBILE_COMBUSTION
  ---
  duration_ms: 0.964034
  type: 'test'
  ...
# Subtest: source pathway with review and exact calculation: REFRIGERANT
ok 93 - source pathway with review and exact calculation: REFRIGERANT
  ---
  duration_ms: 0.873447
  type: 'test'
  ...
# Subtest: source pathway with review and exact calculation: DIRECT_GAS
ok 94 - source pathway with review and exact calculation: DIRECT_GAS
  ---
  duration_ms: 0.90237
  type: 'test'
  ...
# Subtest: source pathway with review and exact calculation: ONSITE_PROCESS
ok 95 - source pathway with review and exact calculation: ONSITE_PROCESS
  ---
  duration_ms: 1.14735
  type: 'test'
  ...
# Subtest: source pathway with review and exact calculation: PURCHASED_STEAM
ok 96 - source pathway with review and exact calculation: PURCHASED_STEAM
  ---
  duration_ms: 0.908209
  type: 'test'
  ...
# Subtest: source pathway with review and exact calculation: PURCHASED_HEAT
ok 97 - source pathway with review and exact calculation: PURCHASED_HEAT
  ---
  duration_ms: 0.869011
  type: 'test'
  ...
# Subtest: source pathway with review and exact calculation: PURCHASED_COOLING
ok 98 - source pathway with review and exact calculation: PURCHASED_COOLING
  ---
  duration_ms: 1.645641
  type: 'test'
  ...
# Subtest: grid fallback cannot override a registered matching residual mix
ok 99 - grid fallback cannot override a registered matching residual mix
  ---
  duration_ms: 0.870142
  type: 'test'
  ...
# Subtest: market snapshot retains full unmatched factor provenance
ok 100 - market snapshot retains full unmatched factor provenance
  ---
  duration_ms: 1.12737
  type: 'test'
  ...
# Subtest: final university report cannot be captured with unresolved Scope12 gaps
ok 101 - final university report cannot be captured with unresolved Scope12 gaps
  ---
  duration_ms: 1.121962
  type: 'test'
  ...
# Subtest: frozen report CSV includes separate enhanced alternatives without changing primary quantity
ok 102 - frozen report CSV includes separate enhanced alternatives without changing primary quantity
  ---
  duration_ms: 7.230242
  type: 'test'
  ...
# Subtest: traceable insight links point at enhanced source records rather than legacy endpoints
ok 103 - traceable insight links point at enhanced source records rather than legacy endpoints
  ---
  duration_ms: 1.447071
  type: 'test'
  ...
# Subtest: liveness endpoint works without a session
ok 104 - liveness endpoint works without a session
  ---
  duration_ms: 29.396032
  type: 'test'
  ...
# Subtest: business routes require authentication
ok 105 - business routes require authentication
  ---
  duration_ms: 5.7172
  type: 'test'
  ...
# Subtest: business response contains request ID and security headers
ok 106 - business response contains request ID and security headers
  ---
  duration_ms: 4.813468
  type: 'test'
  ...
# Subtest: untrusted browser origins rejected
ok 107 - untrusted browser origins rejected
  ---
  duration_ms: 4.684043
  type: 'test'
  ...
# Subtest: allowed origin receives exact CORS header
ok 108 - allowed origin receives exact CORS header
  ---
  duration_ms: 2.504846
  type: 'test'
  ...
# Subtest: preflight supports required idempotency header
ok 109 - preflight supports required idempotency header
  ---
  duration_ms: 2.304745
  type: 'test'
  ...
# Subtest: metrics require a separate credential
ok 110 - metrics require a separate credential
  ---
  duration_ms: 6.649796
  type: 'test'
  ...
# Subtest: JSON content type is enforced
ok 111 - JSON content type is enforced
  ---
  duration_ms: 8.313595
  type: 'test'
  ...
# Subtest: malformed JSON produces 400, not a stack trace
ok 112 - malformed JSON produces 400, not a stack trace
  ---
  duration_ms: 4.927951
  type: 'test'
  ...
# Subtest: JSON array body rejected
ok 113 - JSON array body rejected
  ---
  duration_ms: 3.696193
  type: 'test'
  ...
# Subtest: JSON body has a strict 64 KiB limit
ok 114 - JSON body has a strict 64 KiB limit
  ---
  duration_ms: 2.415532
  type: 'test'
  ...
# Subtest: create routes forward the idempotency key
ok 115 - create routes forward the idempotency key
  ---
  duration_ms: 3.951177
  type: 'test'
  ...
# Subtest: tenant IDs in query cannot redirect authorization
ok 116 - tenant IDs in query cannot redirect authorization
  ---
  duration_ms: 1.791822
  type: 'test'
  ...
# Subtest: raw invoice upload is bounded and URL-decodes the filename
ok 117 - raw invoice upload is bounded and URL-decodes the filename
  ---
  duration_ms: 3.102578
  type: 'test'
  ...
# Subtest: invoice size rejection happens before storage
ok 118 - invoice size rejection happens before storage
  ---
  duration_ms: 2.22868
  type: 'test'
  ...
# Subtest: readiness returns 503 when a dependency is not ready
ok 119 - readiness returns 503 when a dependency is not ready
  ---
  duration_ms: 1.584959
  type: 'test'
  ...
# Subtest: internal service errors are sanitized
ok 120 - internal service errors are sanitized
  ---
  duration_ms: 2.602223
  type: 'test'
  ...
# Subtest: draining rejects new traffic safely
ok 121 - draining rejects new traffic safely
  ---
  duration_ms: 1.343356
  type: 'test'
  ...
# Subtest: production transport advertises HSTS
ok 122 - production transport advertises HSTS
  ---
  duration_ms: 1.227832
  type: 'test'
  ...
# Subtest: normalization only stages rows and exact quantities
ok 123 - normalization only stages rows and exact quantities
  ---
  duration_ms: 12.007073
  type: 'test'
  ...
# Subtest: explicit review and atomic draft import; separate approval controls inventory
ok 124 - explicit review and atomic draft import; separate approval controls inventory
  ---
  duration_ms: 9.958365
  type: 'test'
  ...
# Subtest: unreviewed rows cannot commit
ok 125 - unreviewed rows cannot commit
  ---
  duration_ms: 3.479085
  type: 'test'
  ...
# Subtest: review requires consumption confirmation
ok 126 - review requires consumption confirmation
  ---
  duration_ms: 2.253988
  type: 'test'
  ...
# Subtest: stale row version prevents silent overwrite
ok 127 - stale row version prevents silent overwrite
  ---
  duration_ms: 3.871598
  type: 'test'
  ...
# Subtest: batch stale version rejects attachment
ok 128 - batch stale version rejects attachment
  ---
  duration_ms: 1.25303
  type: 'test'
  ...
# Subtest: reviewer is read only for import writes
ok 129 - reviewer is read only for import writes
  ---
  duration_ms: 1.064825
  type: 'test'
  ...
# Subtest: other entry user cannot access batch
ok 130 - other entry user cannot access batch
  ---
  duration_ms: 1.329624
  type: 'test'
  ...
# Subtest: tenant IDs are not supplied by the client
ok 131 - tenant IDs are not supplied by the client
  ---
  duration_ms: 2.044913
  type: 'test'
  ...
# Subtest: cross tenant batch IDs are inaccessible
ok 132 - cross tenant batch IDs are inaccessible
  ---
  duration_ms: 1.380481
  type: 'test'
  ...
# Subtest: file pending scan cannot preview
ok 133 - file pending scan cannot preview
  ---
  duration_ms: 1.263125
  type: 'test'
  ...
# Subtest: infected evidence cannot preview
ok 134 - infected evidence cannot preview
  ---
  duration_ms: 1.803209
  type: 'test'
  ...
# Subtest: incompatible MIME cannot attach to spreadsheet batch
ok 135 - incompatible MIME cannot attach to spreadsheet batch
  ---
  duration_ms: 1.128992
  type: 'test'
  ...
# Subtest: batch file count bounded
ok 136 - batch file count bounded
  ---
  duration_ms: 1.854806
  type: 'test'
  ...
# Subtest: file attachment is idempotent by document ID
ok 137 - file attachment is idempotent by document ID
  ---
  duration_ms: 1.378569
  type: 'test'
  ...
# Subtest: canonical conversion is not reapplied on review
ok 138 - canonical conversion is not reapplied on review
  ---
  duration_ms: 2.496514
  type: 'test'
  ...
# Subtest: blank quantity becomes flagged then corrected explicitly
ok 139 - blank quantity becomes flagged then corrected explicitly
  ---
  duration_ms: 2.165375
  type: 'test'
  ...
# Subtest: formula cannot become ready without explicit value correction
ok 140 - formula cannot become ready without explicit value correction
  ---
  duration_ms: 1.577248
  type: 'test'
  ...
# Subtest: new plan retains superseded raw rows
ok 141 - new plan retains superseded raw rows
  ---
  duration_ms: 2.532709
  type: 'test'
  ...
# Subtest: mapping is frozen after first imported row
ok 142 - mapping is frozen after first imported row
  ---
  duration_ms: 7.180036
  type: 'test'
  ...
# Subtest: duplicate within batch requires explicit exclusion
ok 143 - duplicate within batch requires explicit exclusion
  ---
  duration_ms: 3.898328
  type: 'test'
  ...
# Subtest: a duplicate across batches cannot post twice
ok 144 - a duplicate across batches cannot post twice
  ---
  duration_ms: 5.229295
  type: 'test'
  ...
# Subtest: locked period is rechecked at commit
ok 145 - locked period is rechecked at commit
  ---
  duration_ms: 2.397515
  type: 'test'
  ...
# Subtest: factor changes invalidate a previously ready row
ok 146 - factor changes invalidate a previously ready row
  ---
  duration_ms: 4.68213
  type: 'test'
  ...
# Subtest: atomic batch failure rolls back earlier draft and receipt
ok 147 - atomic batch failure rolls back earlier draft and receipt
  ---
  duration_ms: 3.897767
  type: 'test'
  ...
# Subtest: incomplete batch cannot close
ok 148 - incomplete batch cannot close
  ---
  duration_ms: 1.592301
  type: 'test'
  ...
# Subtest: closed batch cannot mutate; originals retained
ok 149 - closed batch cannot mutate; originals retained
  ---
  duration_ms: 4.114744
  type: 'test'
  ...
# Subtest: cancellation only before any import
ok 150 - cancellation only before any import
  ---
  duration_ms: 4.820668
  type: 'test'
  ...
# Subtest: exports keep normalized values and raw provenance
ok 151 - exports keep normalized values and raw provenance
  ---
  duration_ms: 3.439876
  type: 'test'
  ...
# Subtest: template saved with explicit mapping
ok 152 - template saved with explicit mapping
  ---
  duration_ms: 2.393699
  type: 'test'
  ...
# Subtest: six individual PDFs -> six reviewed drafts, amount remains separate
ok 153 - six individual PDFs -> six reviewed drafts, amount remains separate
  ---
  duration_ms: 3835.252782
  type: 'test'
  ...
# Subtest: invoice without consumption remains invalid despite amount
ok 154 - invoice without consumption remains invalid despite amount
  ---
  duration_ms: 2.247258
  type: 'test'
  ...
# Subtest: KPI import creates a draft submission, not a second emissions record
ok 155 - KPI import creates a draft submission, not a second emissions record
  ---
  duration_ms: 2.604617
  type: 'test'
  ...
# Subtest: default source ID cannot override a conflicting uploaded meter code
ok 156 - default source ID cannot override a conflicting uploaded meter code
  ---
  duration_ms: 1.422845
  type: 'test'
  ...
# Subtest: batch-wide rows include file provenance and hide superseded mappings
ok 157 - batch-wide rows include file provenance and hide superseded mappings
  ---
  duration_ms: 2.141709
  type: 'test'
  ...
# Subtest: batch-wide rows obey tenant and entry-user access
ok 158 - batch-wide rows obey tenant and entry-user access
  ---
  duration_ms: 1.575675
  type: 'test'
  ...
# Subtest: 17 unique ingestion operations inherit role and retry metadata
ok 159 - 17 unique ingestion operations inherit role and retry metadata
  ---
  duration_ms: 0.959477
  type: 'test'
  ...
# Subtest: migration 4 adds four forced RLS tables and immutable receipts
ok 160 - migration 4 adds four forced RLS tables and immutable receipts
  ---
  duration_ms: 8.35024
  type: 'test'
  ...
# Subtest: new UI is real static HTTP with CSP and no external scripts
ok 161 - new UI is real static HTTP with CSP and no external scripts
  ---
  duration_ms: 46.135842
  type: 'test'
  ...
# Subtest: imports require login and do not accept tenant query switching
ok 162 - imports require login and do not accept tenant query switching
  ---
  duration_ms: 15.529184
  type: 'test'
  ...
# Subtest: leadership cannot create import batch
ok 163 - leadership cannot create import batch
  ---
  duration_ms: 11.342462
  type: 'test'
  ...
# Subtest: request replay returns same created batch; changed payload conflicts
ok 164 - request replay returns same created batch; changed payload conflicts
  ---
  duration_ms: 11.981155
  type: 'test'
  ...
# Subtest: HTTP accepts real XLSX bytes; attaches, normalizes and preserves original download
ok 165 - HTTP accepts real XLSX bytes; attaches, normalizes and preserves original download
  ---
  duration_ms: 628.050675
  type: 'test'
  ...
# Subtest: number exact 1,25,000
ok 166 - number exact 1,25,000
  ---
  duration_ms: 1.301142
  type: 'test'
  ...
# Subtest: number exact 12,500.50
ok 167 - number exact 12,500.50
  ---
  duration_ms: 0.203317
  type: 'test'
  ...
# Subtest: number exact 0005
ok 168 - number exact 0005
  ---
  duration_ms: 0.13907
  type: 'test'
  ...
# Subtest: number exact 0
ok 169 - number exact 0
  ---
  duration_ms: 0.075694
  type: 'test'
  ...
# Subtest: number exact 1.000001
ok 170 - number exact 1.000001
  ---
  duration_ms: 0.077116
  type: 'test'
  ...
# Subtest: number rejects 
ok 171 - number rejects 
  ---
  duration_ms: 0.505923
  type: 'test'
  ...
# Subtest: number rejects null
ok 172 - number rejects null
  ---
  duration_ms: 0.129095
  type: 'test'
  ...
# Subtest: number rejects 1,23
ok 173 - number rejects 1,23
  ---
  duration_ms: 0.072178
  type: 'test'
  ...
# Subtest: number rejects 1,000,00
ok 174 - number rejects 1,000,00
  ---
  duration_ms: 0.29223
  type: 'test'
  ...
# Subtest: number rejects 1e3
ok 175 - number rejects 1e3
  ---
  duration_ms: 0.347344
  type: 'test'
  ...
# Subtest: number rejects -1
ok 176 - number rejects -1
  ---
  duration_ms: 0.131869
  type: 'test'
  ...
# Subtest: number rejects +1
ok 177 - number rejects +1
  ---
  duration_ms: 0.065048
  type: 'test'
  ...
# Subtest: number rejects 1 000
ok 178 - number rejects 1 000
  ---
  duration_ms: 0.050105
  type: 'test'
  ...
# Subtest: number rejects INR 100
ok 179 - number rejects INR 100
  ---
  duration_ms: 0.047923
  type: 'test'
  ...
# Subtest: number rejects 10%
ok 180 - number rejects 10%
  ---
  duration_ms: 0.048843
  type: 'test'
  ...
# Subtest: number rejects =2+2
ok 181 - number rejects =2+2
  ---
  duration_ms: 0.045669
  type: 'test'
  ...
# Subtest: number rejects 1.0000001
ok 182 - number rejects 1.0000001
  ---
  duration_ms: 0.046319
  type: 'test'
  ...
# Subtest: decimal comma is explicit
ok 183 - decimal comma is explicit
  ---
  duration_ms: 0.162345
  type: 'test'
  ...
# Subtest: date does not guess 2026-02-29
ok 184 - date does not guess 2026-02-29
  ---
  duration_ms: 0.460284
  type: 'test'
  ...
# Subtest: date does not guess 32/01/2026
ok 185 - date does not guess 32/01/2026
  ---
  duration_ms: 0.102394
  type: 'test'
  ...
# Subtest: date does not guess 45000
ok 186 - date does not guess 45000
  ---
  duration_ms: 0.084778
  type: 'test'
  ...
# Subtest: date does not guess 04/05/2026
ok 187 - date does not guess 04/05/2026
  ---
  duration_ms: 0.052849
  type: 'test'
  ...
# Subtest: date does not guess 2026-13-01
ok 188 - date does not guess 2026-13-01
  ---
  duration_ms: 0.043977
  type: 'test'
  ...
# Subtest: declared date order resolves ambiguity
ok 189 - declared date order resolves ambiguity
  ---
  duration_ms: 0.151048
  type: 'test'
  ...
# Subtest: unit MWh
ok 190 - unit MWh
  ---
  duration_ms: 0.227853
  type: 'test'
  ...
# Subtest: unit litres
ok 191 - unit litres
  ---
  duration_ms: 0.07962
  type: 'test'
  ...
# Subtest: unit kl
ok 192 - unit kl
  ---
  duration_ms: 0.050446
  type: 'test'
  ...
# Subtest: unit tonnes
ok 193 - unit tonnes
  ---
  duration_ms: 0.049605
  type: 'test'
  ...
# Subtest: unit m³
ok 194 - unit m³
  ---
  duration_ms: 0.063456
  type: 'test'
  ...
# Subtest: unit %
ok 195 - unit %
  ---
  duration_ms: 0.098438
  type: 'test'
  ...
# Subtest: unit cannot be missing or guessed
ok 196 - unit cannot be missing or guessed
  ---
  duration_ms: 0.127212
  type: 'test'
  ...
# Subtest: explicit suffix splits exact quantity and normalizes unit
ok 197 - explicit suffix splits exact quantity and normalizes unit
  ---
  duration_ms: 0.466573
  type: 'test'
  ...
# Subtest: suffix disagreement flags conflict
ok 198 - suffix disagreement flags conflict
  ---
  duration_ms: 0.222335
  type: 'test'
  ...
# Subtest: currency is not consumption
ok 199 - currency is not consumption
  ---
  duration_ms: 0.294293
  type: 'test'
  ...
# Subtest: inverted date interval rejected
ok 200 - inverted date interval rejected
  ---
  duration_ms: 0.180643
  type: 'test'
  ...
# Subtest: header detection tolerates titles and empty rows
ok 201 - header detection tolerates titles and empty rows
  ---
  duration_ms: 0.515778
  type: 'test'
  ...
# Subtest: ambiguous header alias not silently chosen
ok 202 - ambiguous header alias not silently chosen
  ---
  duration_ms: 0.122544
  type: 'test'
  ...
# Subtest: repeated header and total stay visible but skipped
ok 203 - repeated header and total stay visible but skipped
  ---
  duration_ms: 3.723674
  type: 'test'
  ...
# Subtest: wide month columns unpivot exact periods
ok 204 - wide month columns unpivot exact periods
  ---
  duration_ms: 0.418751
  type: 'test'
  ...
# Subtest: unlabelled year is not guessed for monthly layout
ok 205 - unlabelled year is not guessed for monthly layout
  ---
  duration_ms: 0.06643
  type: 'test'
  ...
# Subtest: hidden row needs explicit inclusion
ok 206 - hidden row needs explicit inclusion
  ---
  duration_ms: 0.339191
  type: 'test'
  ...
# Subtest: formula measurement is never evaluated
ok 207 - formula measurement is never evaluated
  ---
  duration_ms: 0.289737
  type: 'test'
  ...
# Subtest: merged quantity cannot be forward-filled
ok 208 - merged quantity cannot be forward-filled
  ---
  duration_ms: 0.200753
  type: 'test'
  ...
# Subtest: never forward-fill date or quantity
ok 209 - never forward-fill date or quantity
  ---
  duration_ms: 0.110487
  type: 'test'
  ...
# Subtest: mapping cannot reuse a column for quantity and amount
ok 210 - mapping cannot reuse a column for quantity and amount
  ---
  duration_ms: 0.145149
  type: 'test'
  ...
# Subtest: unknown mapping fields fail closed
ok 211 - unknown mapping fields fail closed
  ---
  duration_ms: 0.104378
  type: 'test'
  ...
# Subtest: wide and long-form values cannot compete
ok 212 - wide and long-form values cannot compete
  ---
  duration_ms: 0.088824
  type: 'test'
  ...
# Subtest: invoice decimal normalization retains six places
ok 213 - invoice decimal normalization retains six places
  ---
  duration_ms: 2.206476
  type: 'test'
  ...
# Subtest: separate invoice identifiers create page groups
ok 214 - separate invoice identifiers create page groups
  ---
  duration_ms: 0.131478
  type: 'test'
  ...
# Subtest: same invoice continuing to another page grouped together
ok 215 - same invoice continuing to another page grouped together
  ---
  duration_ms: 0.595698
  type: 'test'
  ...
# Subtest: merged distinct invoice identifiers block review
ok 216 - merged distinct invoice identifiers block review
  ---
  duration_ms: 0.282736
  type: 'test'
  ...
# Subtest: invoice issue date is not a consumption date
ok 217 - invoice issue date is not a consumption date
  ---
  duration_ms: 0.217238
  type: 'test'
  ...
# Subtest: multiple quantity lines never auto-summed
ok 218 - multiple quantity lines never auto-summed
  ---
  duration_ms: 0.312501
  type: 'test'
  ...
# Subtest: no OCR output is fabricated
ok 219 - no OCR output is fabricated
  ---
  duration_ms: 0.251119
  type: 'test'
  ...
# Subtest: page ranges cannot exceed file
ok 220 - page ranges cannot exceed file
  ---
  duration_ms: 0.120372
  type: 'test'
  ...
# Subtest: invoice dedupe survives capitalization and punctuation
ok 221 - invoice dedupe survives capitalization and punctuation
  ---
  duration_ms: 0.58369
  type: 'test'
  ...
# Subtest: different explicit line IDs remain distinguishable
ok 222 - different explicit line IDs remain distinguishable
  ---
  duration_ms: 0.123366
  type: 'test'
  ...
# Subtest: CSV formula injection neutralized without dropping text
ok 223 - CSV formula injection neutralized without dropping text
  ---
  duration_ms: 0.125159
  type: 'test'
  ...
# Subtest: actual XLSX reads all three sheets and ignores formula cache
ok 224 - actual XLSX reads all three sheets and ignores formula cache
  ---
  duration_ms: 731.691592
  type: 'test'
  ...
# Subtest: typed Excel dates are ISO, hidden rows and merged metadata preserved
ok 225 - typed Excel dates are ISO, hidden rows and merged metadata preserved
  ---
  duration_ms: 703.688892
  type: 'test'
  ...
# Subtest: bounded parser rejects macro.xlsx
ok 226 - bounded parser rejects macro.xlsx
  ---
  duration_ms: 605.60373
  type: 'test'
  ...
# Subtest: bounded parser rejects traversal.xlsx
ok 227 - bounded parser rejects traversal.xlsx
  ---
  duration_ms: 534.689351
  type: 'test'
  ...
# Subtest: bounded parser rejects entities.xlsx
ok 228 - bounded parser rejects entities.xlsx
  ---
  duration_ms: 525.708195
  type: 'test'
  ...
# Subtest: bounded parser rejects external.xlsx
ok 229 - bounded parser rejects external.xlsx
  ---
  duration_ms: 610.704706
  type: 'test'
  ...
# Subtest: bounded parser rejects zipbomb.xlsx
ok 230 - bounded parser rejects zipbomb.xlsx
  ---
  duration_ms: 530.204003
  type: 'test'
  ...
# Subtest: bounded parser rejects rows.xlsx
ok 231 - bounded parser rejects rows.xlsx
  ---
  duration_ms: 659.783004
  type: 'test'
  ...
# Subtest: bounded parser rejects columns.xlsx
ok 232 - bounded parser rejects columns.xlsx
  ---
  duration_ms: 592.450094
  type: 'test'
  ...
# Subtest: bounded parser rejects 31pages.pdf
ok 233 - bounded parser rejects 31pages.pdf
  ---
  duration_ms: 578.981452
  type: 'test'
  ...
# Subtest: corrupt XLSX rejected rather than treated as empty sheet
ok 234 - corrupt XLSX rejected rather than treated as empty sheet
  ---
  duration_ms: 601.072944
  type: 'test'
  ...
# Subtest: UTF8 semicolon CSV uses observed delimiter
ok 235 - UTF8 semicolon CSV uses observed delimiter
  ---
  duration_ms: 601.477254
  type: 'test'
  ...
# Subtest: CSV with binary NUL is rejected
ok 236 - CSV with binary NUL is rejected
  ---
  duration_ms: 567.626035
  type: 'test'
  ...
# Subtest: Poppler reads all six invoice pages without OCR
ok 237 - Poppler reads all six invoice pages without OCR
  ---
  duration_ms: 581.324539
  type: 'test'
  ...
# Subtest: image-only PDF is explicitly manual
ok 238 - image-only PDF is explicitly manual
  ---
  duration_ms: 590.903693
  type: 'test'
  ...
# Subtest: unavailable parser produces explicit manual fallback not invented fields
ok 239 - unavailable parser produces explicit manual fallback not invented fields
  ---
  duration_ms: 547.542429
  type: 'test'
  ...
# Subtest: parser wall time and output limits terminate process
ok 240 - parser wall time and output limits terminate process
  ---
  duration_ms: 423.041164
  type: 'test'
  ...
# Subtest: normalized XLSX exports literal values, never formulas
ok 241 - normalized XLSX exports literal values, never formulas
  ---
  duration_ms: 1331.930776
  type: 'test'
  ...
# Subtest: upload accepts XLSX only with correct extension, signature and MIME
ok 242 - upload accepts XLSX only with correct extension, signature and MIME
  ---
  duration_ms: 1.80423
  type: 'test'
  ...
# Subtest: backup preserves exact referenced version, hash, length and private file mode
ok 243 - backup preserves exact referenced version, hash, length and private file mode
  ---
  duration_ms: 15.170393
  type: 'test'
  ...
# Subtest: backup verification rejects corrupted evidence
ok 244 - backup verification rejects corrupted evidence
  ---
  duration_ms: 4.837895
  type: 'test'
  ...
# Subtest: backup verification rejects corrupted database
ok 245 - backup verification rejects corrupted database
  ---
  duration_ms: 7.169921
  type: 'test'
  ...
# Subtest: backup verification rejects incomplete manifest
ok 246 - backup verification rejects incomplete manifest
  ---
  duration_ms: 4.519905
  type: 'test'
  ...
# Subtest: backup verification rejects duplicate path
ok 247 - backup verification rejects duplicate path
  ---
  duration_ms: 3.40212
  type: 'test'
  ...
# Subtest: backup verification rejects path traversal
ok 248 - backup verification rejects path traversal
  ---
  duration_ms: 4.314696
  type: 'test'
  ...
# Subtest: backup verification rejects wrong hash
ok 249 - backup verification rejects wrong hash
  ---
  duration_ms: 4.760688
  type: 'test'
  ...
# Subtest: backup verification rejects wrong size
ok 250 - backup verification rejects wrong size
  ---
  duration_ms: 3.541229
  type: 'test'
  ...
# Subtest: backup verification rejects symlink
ok 251 - backup verification rejects symlink
  ---
  duration_ms: 3.631846
  type: 'test'
  ...
# Subtest: backup refuses source integrity mismatch, missing versions and overwriting a copied object
ok 252 - backup refuses source integrity mismatch, missing versions and overwriting a copied object
  ---
  duration_ms: 5.066379
  type: 'test'
  ...
# Subtest: department membership and scope permit a formerly denied document
ok 253 - department membership and scope permit a formerly denied document
  ---
  duration_ms: 3.813129
  type: 'test'
  ...
# Subtest: membership revocation immediately denies document metadata in a new request
ok 254 - membership revocation immediately denies document metadata in a new request
  ---
  duration_ms: 0.897103
  type: 'test'
  ...
# Subtest: membership cannot silently change user/campus identity
ok 255 - membership cannot silently change user/campus identity
  ---
  duration_ms: 0.503159
  type: 'test'
  ...
# Subtest: department campus mismatch and inactive assignee rejected
ok 256 - department campus mismatch and inactive assignee rejected
  ---
  duration_ms: 0.474015
  type: 'test'
  ...
# Subtest: ENTRY cannot administer memberships or document grants
ok 257 - ENTRY cannot administer memberships or document grants
  ---
  duration_ms: 0.562869
  type: 'test'
  ...
# Subtest: REVIEWER cannot administer memberships or document grants
ok 258 - REVIEWER cannot administer memberships or document grants
  ---
  duration_ms: 0.357088
  type: 'test'
  ...
# Subtest: LEADERSHIP cannot administer memberships or document grants
ok 259 - LEADERSHIP cannot administer memberships or document grants
  ---
  duration_ms: 0.286071
  type: 'test'
  ...
# Subtest: grant/revoke checks current version and raw original never changes
ok 260 - grant/revoke checks current version and raw original never changes
  ---
  duration_ms: 1.231808
  type: 'test'
  ...
# Subtest: private scope cannot carry sharing identifiers and no silent stale mutation
ok 261 - private scope cannot carry sharing identifiers and no silent stale mutation
  ---
  duration_ms: 0.691052
  type: 'test'
  ...
# Subtest: indefinite preservation hold and explicit release are audited; no delete
ok 262 - indefinite preservation hold and explicit release are audited; no delete
  ---
  duration_ms: 0.569949
  type: 'test'
  ...
# Subtest: past and invalid retention dates rejected
ok 263 - past and invalid retention dates rejected
  ---
  duration_ms: 0.328435
  type: 'test'
  ...
# Subtest: task transfer retains authorship, returns pending rows and records before/after
ok 264 - task transfer retains authorship, returns pending rows and records before/after
  ---
  duration_ms: 0.876502
  type: 'test'
  ...
# Subtest: task completed, locked period, stale version and self-review blocked
ok 265 - task completed, locked period, stale version and self-review blocked
  ---
  duration_ms: 1.600123
  type: 'test'
  ...
# Subtest: failed reassignment rolls back every pending mutation in transaction fixture
ok 266 - failed reassignment rolls back every pending mutation in transaction fixture
  ---
  duration_ms: 0.553274
  type: 'test'
  ...
# Subtest: source transfer changes only ownership and version; old calculation source snapshot unchanged
ok 267 - source transfer changes only ownership and version; old calculation source snapshot unchanged
  ---
  duration_ms: 0.580836
  type: 'test'
  ...
# Subtest: source transfer requires explicit pending return; records retain creator
ok 268 - source transfer requires explicit pending return; records retain creator
  ---
  duration_ms: 0.479643
  type: 'test'
  ...
# Subtest: resolved/closed corrective action cannot be silently reassigned
ok 269 - resolved/closed corrective action cannot be silently reassigned
  ---
  duration_ms: 0.349948
  type: 'test'
  ...
# Subtest: open corrective action reassignment creates immutable history
ok 270 - open corrective action reassignment creates immutable history
  ---
  duration_ms: 0.282006
  type: 'test'
  ...
# Subtest: own notification read is idempotent; someone else cannot read-mark it
ok 271 - own notification read is idempotent; someone else cannot read-mark it
  ---
  duration_ms: 0.338601
  type: 'test'
  ...
# Subtest: preferences default to explicit booleans and compare current version
ok 272 - preferences default to explicit booleans and compare current version
  ---
  duration_ms: 0.329126
  type: 'test'
  ...
# Subtest: due reminders exclude complete tasks and future/today due dates
ok 273 - due reminders exclude complete tasks and future/today due dates
  ---
  duration_ms: 0.089885
  type: 'test'
  ...
# Subtest: OCR request snapshots previous extraction and queues once without editing original
ok 274 - OCR request snapshots previous extraction and queues once without editing original
  ---
  duration_ms: 0.634236
  type: 'test'
  ...
# Subtest: OCR request rejects disabled
ok 275 - OCR request rejects disabled
  ---
  duration_ms: 0.206481
  type: 'test'
  ...
# Subtest: OCR request rejects infected
ok 276 - OCR request rejects infected
  ---
  duration_ms: 0.126611
  type: 'test'
  ...
# Subtest: OCR request rejects linked
ok 277 - OCR request rejects linked
  ---
  duration_ms: 0.112029
  type: 'test'
  ...
# Subtest: OCR request rejects wrong owner
ok 278 - OCR request rejects wrong owner
  ---
  duration_ms: 0.175024
  type: 'test'
  ...
# Subtest: OCR request rejects stale
ok 279 - OCR request rejects stale
  ---
  duration_ms: 0.122975
  type: 'test'
  ...
# Subtest: OCR request rejects imported
ok 280 - OCR request rejects imported
  ---
  duration_ms: 0.182756
  type: 'test'
  ...
# Subtest: inventory export requires a locked period and never creates an automatic approval
ok 281 - inventory export requires a locked period and never creates an automatic approval
  ---
  duration_ms: 0.341004
  type: 'test'
  ...
# Subtest: export queue bounds prevent unrestricted artifact creation
ok 282 - export queue bounds prevent unrestricted artifact creation
  ---
  duration_ms: 0.562778
  type: 'test'
  ...
# Subtest: export independent approval, expected version and period version all enforced
ok 283 - export independent approval, expected version and period version all enforced
  ---
  duration_ms: 0.639935
  type: 'test'
  ...
# Subtest: 6,001 rows export in pages with exact decimal sum beyond old 5,000 bound
ok 284 - 6,001 rows export in pages with exact decimal sum beyond old 5,000 bound
  ---
  duration_ms: 85.771163
  type: 'test'
  ...
# Subtest: Scope 2 alternatives, supplemental travel and biogenic disclosure never double count
ok 285 - Scope 2 alternatives, supplemental travel and biogenic disclosure never double count
  ---
  duration_ms: 0.449959
  type: 'test'
  ...
# Subtest: missing market result is unknown, not a fabricated zero
ok 286 - missing market result is unknown, not a fabricated zero
  ---
  duration_ms: 0.180852
  type: 'test'
  ...
# Subtest: CSV escapes formula-leading cells and JSONL keeps source provenance
ok 287 - CSV escapes formula-leading cells and JSONL keeps source provenance
  ---
  duration_ms: 0.453003
  type: 'test'
  ...
# Subtest: export enforces byte/row limits with no partial public artifact
ok 288 - export enforces byte/row limits with no partial public artifact
  ---
  duration_ms: 0.32488
  type: 'test'
  ...
# Subtest: preview and publication require roles, status, exact size and matching SHA-256
ok 289 - preview and publication require roles, status, exact size and matching SHA-256
  ---
  duration_ms: 0.667707
  type: 'test'
  ...
# Subtest: all new staff endpoints have matching method/role/body documentation
ok 290 - all new staff endpoints have matching method/role/body documentation
  ---
  duration_ms: 7.137092
  type: 'test'
  ...
# Subtest: dispatcher role and unknown query checks precede any database work
ok 291 - dispatcher role and unknown query checks precede any database work
  ---
  duration_ms: 1.29958
  type: 'test'
  ...
# Subtest: native HTTP authentication, capabilities and tenant injection checks
ok 292 - native HTTP authentication, capabilities and tenant injection checks
  ---
  duration_ms: 48.990126
  type: 'test'
  ...
# Subtest: real middleware to membership domain; same retry reuses result, changed retry rejects
ok 293 - real middleware to membership domain; same retry reuses result, changed retry rejects
  ---
  duration_ms: 21.013999
  type: 'test'
  ...
# Subtest: staff invite to public one-use completion runs through actual HTTP without token response leakage
ok 294 - staff invite to public one-use completion runs through actual HTTP without token response leakage
  ---
  duration_ms: 260.652488
  type: 'test'
  ...
# Subtest: public recovery does not disclose missing account and rejects query secrets
ok 295 - public recovery does not disclose missing account and rejects query secrets
  ---
  duration_ms: 9.505562
  type: 'test'
  ...
# Subtest: inbox and own read marker are scoped by recipient
ok 296 - inbox and own read marker are scoped by recipient
  ---
  duration_ms: 6.6722
  type: 'test'
  ...
# Subtest: operations/account static pages use same-origin external scripts and security headers
ok 297 - operations/account static pages use same-origin external scripts and security headers
  ---
  duration_ms: 17.149707
  type: 'test'
  ...
# Subtest: credential token has two UUID routing components and 256 random bits; only digest is stored
ok 298 - credential token has two UUID routing components and 256 random bits; only digest is stored
  ---
  duration_ms: 1.75117
  type: 'test'
  ...
# Subtest: malformed credential denied 
ok 299 - malformed credential denied 
  ---
  duration_ms: 0.337609
  type: 'test'
  ...
# Subtest: malformed credential denied null
ok 300 - malformed credential denied null
  ---
  duration_ms: 0.142074
  type: 'test'
  ...
# Subtest: malformed credential denied bad.token
ok 301 - malformed credential denied bad.token
  ---
  duration_ms: 0.081282
  type: 'test'
  ...
# Subtest: malformed credential denied aaaaaaaaaaaaaaa
ok 302 - malformed credential denied aaaaaaaaaaaaaaa
  ---
  duration_ms: 0.070787
  type: 'test'
  ...
# Subtest: malformed credential denied x.y.aaaaaaaaaaa
ok 303 - malformed credential denied x.y.aaaaaaaaaaa
  ---
  duration_ms: 0.073831
  type: 'test'
  ...
# Subtest: AES-GCM round trip is randomized and bound to tenant/outbox context
ok 304 - AES-GCM round trip is randomized and bound to tenant/outbox context
  ---
  duration_ms: 1.696407
  type: 'test'
  ...
# Subtest: unsafe deployment configuration rejected {"MAIL_MODE":"smtp"}
ok 305 - unsafe deployment configuration rejected {"MAIL_MODE":"smtp"}
  ---
  duration_ms: 0.931985
  type: 'test'
  ...
# Subtest: unsafe deployment configuration rejected {"MAIL_MODE":"capture","NODE_ENV":"production"}
ok 306 - unsafe deployment configuration rejected {"MAIL_MODE":"capture","NODE_ENV":"production"}
  ---
  duration_ms: 0.239851
  type: 'test'
  ...
# Subtest: unsafe deployment configuration rejected {"MAIL_MODE":"capture"}
ok 307 - unsafe deployment configuration rejected {"MAIL_MODE":"capture"}
  ---
  duration_ms: 0.322486
  type: 'test'
  ...
# Subtest: unsafe deployment configuration rejected {"NODE_ENV":"production"}
ok 308 - unsafe deployment configuration rejected {"NODE_ENV":"production"}
  ---
  duration_ms: 0.126601
  type: 'test'
  ...
# Subtest: unsafe deployment configuration rejected {"MAIL_MODE":"webhook","MAIL_ENCRYPTION_KEY":"aaaaaaaaaaaaaaaaaaaaaaaaaaaaaaaaaa
ok 309 - unsafe deployment configuration rejected {"MAIL_MODE":"webhook","MAIL_ENCRYPTION_KEY":"aaaaaaaaaaaaaaaaaaaaaaaaaaaaaaaaaa
  ---
  duration_ms: 0.108845
  type: 'test'
  ...
# Subtest: unsafe deployment configuration rejected {"MAIL_MODE":"webhook","MAIL_ENCRYPTION_KEY":"aaaaaaaaaaaaaaaaaaaaaaaaaaaaaaaaaa
ok 310 - unsafe deployment configuration rejected {"MAIL_MODE":"webhook","MAIL_ENCRYPTION_KEY":"aaaaaaaaaaaaaaaaaaaaaaaaaaaaaaaaaa
  ---
  duration_ms: 0.074352
  type: 'test'
  ...
# Subtest: unsafe deployment configuration rejected {"PUBLIC_BASE_URL":"https://example.invalid/path"}
ok 311 - unsafe deployment configuration rejected {"PUBLIC_BASE_URL":"https://example.invalid/path"}
  ---
  duration_ms: 0.045679
  type: 'test'
  ...
# Subtest: disabled delivery and OCR are honest defaults
ok 312 - disabled delivery and OCR are honest defaults
  ---
  duration_ms: 0.081533
  type: 'test'
  ...
# Subtest: ADMIN has explicitly university-wide evidence access but not another university
ok 313 - ADMIN has explicitly university-wide evidence access but not another university
  ---
  duration_ms: 0.619424
  type: 'test'
  ...
# Subtest: REVIEWER has explicitly university-wide evidence access but not another university
ok 314 - REVIEWER has explicitly university-wide evidence access but not another university
  ---
  duration_ms: 0.186221
  type: 'test'
  ...
# Subtest: LEADERSHIP has explicitly university-wide evidence access but not another university
ok 315 - LEADERSHIP has explicitly university-wide evidence access but not another university
  ---
  duration_ms: 0.110837
  type: 'test'
  ...
# Subtest: unshared other-uploader evidence denied to ENTRY
ok 316 - unshared other-uploader evidence denied to ENTRY
  ---
  duration_ms: 0.223757
  type: 'test'
  ...
# Subtest: active named grant works and revocation removes it
ok 317 - active named grant works and revocation removes it
  ---
  duration_ms: 0.194573
  type: 'test'
  ...
# Subtest: department membership must match document and university; campus-wide membership is explicit
ok 318 - department membership must match document and university; campus-wide membership is explicit
  ---
  duration_ms: 0.267072
  type: 'test'
  ...
# Subtest: shared SQL policy binds actor ID and rejects dynamic aliases
ok 319 - shared SQL policy binds actor ID and rejects dynamic aliases
  ---
  duration_ms: 0.318089
  type: 'test'
  ...
# Subtest: direct document service rejects absent SQL authorization without leaking document
ok 320 - direct document service rejects absent SQL authorization without leaking document
  ---
  duration_ms: 0.284008
  type: 'test'
  ...
# Subtest: password recovery response is identical for missing, inactive and active accounts
ok 321 - password recovery response is identical for missing, inactive and active accounts
  ---
  duration_ms: 1.106298
  type: 'test'
  ...
# Subtest: disabled mail creates no recovery credential or outbox
ok 322 - disabled mail creates no recovery credential or outbox
  ---
  duration_ms: 0.188635
  type: 'test'
  ...
# Subtest: invitation requires current administrator password, cannot silently replace an account
ok 323 - invitation requires current administrator password, cannot silently replace an account
  ---
  duration_ms: 188.585055
  type: 'test'
  ...
# Subtest: invitation is encrypted, expiring and single-use; account appears only after acceptance
ok 324 - invitation is encrypted, expiring and single-use; account appears only after acceptance
  ---
  duration_ms: 249.73995
  type: 'test'
  ...
# Subtest: password recovery revokes sessions and preserves user role
ok 325 - password recovery revokes sessions and preserves user role
  ---
  duration_ms: 81.402753
  type: 'test'
  ...
# Subtest: recovery denies expired
ok 326 - recovery denies expired
  ---
  duration_ms: 1.063544
  type: 'test'
  ...
# Subtest: recovery denies revoked
ok 327 - recovery denies revoked
  ---
  duration_ms: 0.532653
  type: 'test'
  ...
# Subtest: recovery denies disabled user
ok 328 - recovery denies disabled user
  ---
  duration_ms: 0.444941
  type: 'test'
  ...
# Subtest: recovery denies password changed
ok 329 - recovery denies password changed
  ---
  duration_ms: 0.468756
  type: 'test'
  ...
# Subtest: recovery denies suspended tenant
ok 330 - recovery denies suspended tenant
  ---
  duration_ms: 0.422016
  type: 'test'
  ...
# Subtest: recovery denies wrong tenant
ok 331 - recovery denies wrong tenant
  ---
  duration_ms: 0.445511
  type: 'test'
  ...
# Subtest: second recovery request invalidates the first link
ok 332 - second recovery request invalidates the first link
  ---
  duration_ms: 0.776681
  type: 'test'
  ...
# Subtest: revoked invitation and no-longer-admin issuer cannot create an account
ok 333 - revoked invitation and no-longer-admin issuer cannot create an account
  ---
  duration_ms: 85.760484
  type: 'test'
  ...
# Subtest: new password policy and confirmation checked before mutation
ok 334 - new password policy and confirmation checked before mutation
  ---
  duration_ms: 0.446793
  type: 'test'
  ...
# Subtest: outbox failure rolls back credential issuance in the domain transaction fixture
ok 335 - outbox failure rolls back credential issuance in the domain transaction fixture
  ---
  duration_ms: 0.658703
  type: 'test'
  ...
# Subtest: capture writes private exact-one local message and explicitly does not send email
ok 336 - capture writes private exact-one local message and explicitly does not send email
  ---
  duration_ms: 3.422911
  type: 'test'
  ...
# Subtest: mail adapter signs fixed-provider request and preserves idempotency key
ok 337 - mail adapter signs fixed-provider request and preserves idempotency key
  ---
  duration_ms: 0.575257
  type: 'test'
  ...
# Subtest: provider failure is not marked delivered, injection and unsafe path denied
ok 338 - provider failure is not marked delivered, injection and unsafe path denied
  ---
  duration_ms: 0.462377
  type: 'test'
  ...
# Subtest: operations transaction rejects suspended university before executing a mutation
ok 339 - operations transaction rejects suspended university before executing a mutation
  ---
  duration_ms: 1.516947
  type: 'test'
  ...
# Subtest: operations transaction rejects inactive account before executing a mutation
ok 340 - operations transaction rejects inactive account before executing a mutation
  ---
  duration_ms: 0.332061
  type: 'test'
  ...
# Subtest: operations transaction rejects changed role before executing a mutation
ok 341 - operations transaction rejects changed role before executing a mutation
  ---
  duration_ms: 0.136226
  type: 'test'
  ...
# Subtest: operations reauthorization locks tenant before actor and commits successful work
ok 342 - operations reauthorization locks tenant before actor and commits successful work
  ---
  duration_ms: 0.853747
  type: 'test'
  ...
# Subtest: OCR worker rejects lease before invoking an engine
ok 343 - OCR worker rejects lease before invoking an engine
  ---
  duration_ms: 2.258515
  type: 'test'
  ...
# Subtest: OCR worker rejects suspended before invoking an engine
ok 344 - OCR worker rejects suspended before invoking an engine
  ---
  duration_ms: 0.363508
  type: 'test'
  ...
# Subtest: OCR worker rejects stale before invoking an engine
ok 345 - OCR worker rejects stale before invoking an engine
  ---
  duration_ms: 0.279221
  type: 'test'
  ...
# Subtest: OCR worker rejects infected before invoking an engine
ok 346 - OCR worker rejects infected before invoking an engine
  ---
  duration_ms: 0.175124
  type: 'test'
  ...
# Subtest: OCR worker rejects disabled before invoking an engine
ok 347 - OCR worker rejects disabled before invoking an engine
  ---
  duration_ms: 0.151197
  type: 'test'
  ...
# Subtest: OCR worker checks original hash before invoking an engine
ok 348 - OCR worker checks original hash before invoking an engine
  ---
  duration_ms: 0.26489
  type: 'test'
  ...
# Subtest: OCR rechecks lease before replacing suggestions
ok 349 - OCR rechecks lease before replacing suggestions
  ---
  duration_ms: 0.502367
  type: 'test'
  ...
# Subtest: OCR rechecks version before replacing suggestions
ok 350 - OCR rechecks version before replacing suggestions
  ---
  duration_ms: 0.348826
  type: 'test'
  ...
# Subtest: OCR rechecks import before replacing suggestions
ok 351 - OCR rechecks import before replacing suggestions
  ---
  duration_ms: 0.595778
  type: 'test'
  ...
# Subtest: completed OCR updates suggestions and audit but never originals or approved inventory
ok 352 - completed OCR updates suggestions and audit but never originals or approved inventory
  ---
  duration_ms: 0.768098
  type: 'test'
  ...
# Subtest: OCR adapter rejects unsupported MIME and unavailable executable without running OCR
ok 353 - OCR adapter rejects unsupported MIME and unavailable executable without running OCR
  ---
  duration_ms: 4.588208
  type: 'test'
  ...
# Subtest: export processor uses locked snapshot, exact versioned bytes and lease-specific object key
ok 354 - export processor uses locked snapshot, exact versioned bytes and lease-specific object key
  ---
  duration_ms: 1.557708
  type: 'test'
  ...
# Subtest: export rejects a reopened/version-changed period before storage
ok 355 - export rejects a reopened/version-changed period before storage
  ---
  duration_ms: 0.252821
  type: 'test'
  ...
# Subtest: stale export worker cannot publish even when an orphan attempt object was written
ok 356 - stale export worker cannot publish even when an orphan attempt object was written
  ---
  duration_ms: 0.452332
  type: 'test'
  ...
# Subtest: mail processor cancels inactive recipients without external delivery
ok 357 - mail processor cancels inactive recipients without external delivery
  ---
  duration_ms: 1.011335
  type: 'test'
  ...
# Subtest: mail processor removes encrypted payload after acknowledged capture
ok 358 - mail processor removes encrypted payload after acknowledged capture
  ---
  duration_ms: 0.794438
  type: 'test'
  ...
# Subtest: revoked credential mail is cancelled without decrypting or delivering
ok 359 - revoked credential mail is cancelled without decrypting or delivering
  ---
  duration_ms: 0.564812
  type: 'test'
  ...
# Subtest: suspended universities defer recurring reminder sweep without reading tasks
ok 360 - suspended universities defer recurring reminder sweep without reading tasks
  ---
  duration_ms: 0.920999
  type: 'test'
  ...
# Subtest: canonical request hashing ignores JSON key ordering
ok 361 - canonical request hashing ignores JSON key ordering
  ---
  duration_ms: 1.391738
  type: 'test'
  ...
# Subtest: decimal strings normalize without binary floating point
ok 362 - decimal strings normalize without binary floating point
  ---
  duration_ms: 0.269326
  type: 'test'
  ...
# Subtest: reject invalid consumption 1
ok 363 - reject invalid consumption 1
  ---
  duration_ms: 0.658793
  type: 'test'
  ...
# Subtest: reject invalid consumption "1e3"
ok 364 - reject invalid consumption "1e3"
  ---
  duration_ms: 0.17931
  type: 'test'
  ...
# Subtest: reject invalid consumption "-1"
ok 365 - reject invalid consumption "-1"
  ---
  duration_ms: 0.083976
  type: 'test'
  ...
# Subtest: reject invalid consumption "01"
ok 366 - reject invalid consumption "01"
  ---
  duration_ms: 0.628137
  type: 'test'
  ...
# Subtest: reject invalid consumption "1.0000001"
ok 367 - reject invalid consumption "1.0000001"
  ---
  duration_ms: 0.129585
  type: 'test'
  ...
# Subtest: reject invalid consumption "NaN"
ok 368 - reject invalid consumption "NaN"
  ---
  duration_ms: 0.082524
  type: 'test'
  ...
# Subtest: reject invalid consumption "Infinity"
ok 369 - reject invalid consumption "Infinity"
  ---
  duration_ms: 0.248124
  type: 'test'
  ...
# Subtest: reject invalid consumption "0"
ok 370 - reject invalid consumption "0"
  ---
  duration_ms: 0.270718
  type: 'test'
  ...
# Subtest: reject invalid consumption "1000000000000"
ok 371 - reject invalid consumption "1000000000000"
  ---
  duration_ms: 0.15909
  type: 'test'
  ...
# Subtest: zero money is allowed while zero consumption is not
ok 372 - zero money is allowed while zero consumption is not
  ---
  duration_ms: 0.114572
  type: 'test'
  ...
# Subtest: exact multiplication keeps decimal result
ok 373 - exact multiplication keeps decimal result
  ---
  duration_ms: 0.13277
  type: 'test'
  ...
# Subtest: rounding half-up to six decimal places
ok 374 - rounding half-up to six decimal places
  ---
  duration_ms: 0.141964
  type: 'test'
  ...
# Subtest: large products do not use JS safe-integer arithmetic
ok 375 - large products do not use JS safe-integer arithmetic
  ---
  duration_ms: 0.089055
  type: 'test'
  ...
# Subtest: strict dates reject February overflow
ok 376 - strict dates reject February overflow
  ---
  duration_ms: 0.362827
  type: 'test'
  ...
# Subtest: leap date accepted
ok 377 - leap date accepted
  ---
  duration_ms: 0.097908
  type: 'test'
  ...
# Subtest: activity scope is derived from category
ok 378 - activity scope is derived from category
  ---
  duration_ms: 0.349957
  type: 'test'
  ...
# Subtest: money cannot replace a consumption quantity
ok 379 - money cannot replace a consumption quantity
  ---
  duration_ms: 0.1325
  type: 'test'
  ...
# Subtest: canonical unit mismatch rejected
ok 380 - canonical unit mismatch rejected
  ---
  duration_ms: 0.082515
  type: 'test'
  ...
# Subtest: caller cannot select a tenant in an activity payload
ok 381 - caller cannot select a tenant in an activity payload
  ---
  duration_ms: 0.102715
  type: 'test'
  ...
# Subtest: caller cannot override the accounting scope
ok 382 - caller cannot override the accounting scope
  ---
  duration_ms: 0.077087
  type: 'test'
  ...
# Subtest: semantic duplicate fingerprint is independent of description
ok 383 - semantic duplicate fingerprint is independent of description
  ---
  duration_ms: 0.502337
  type: 'test'
  ...
# Subtest: duplicate override requires a substantive reason
ok 384 - duplicate override requires a substantive reason
  ---
  duration_ms: 0.117928
  type: 'test'
  ...
# Subtest: creator may submit own draft
ok 385 - creator may submit own draft
  ---
  duration_ms: 0.216456
  type: 'test'
  ...
# Subtest: other data-entry user cannot submit
ok 386 - other data-entry user cannot submit
  ---
  duration_ms: 0.091357
  type: 'test'
  ...
# Subtest: leadership cannot approve
ok 387 - leadership cannot approve
  ---
  duration_ms: 0.077667
  type: 'test'
  ...
# Subtest: admin cannot self-approve
ok 388 - admin cannot self-approve
  ---
  duration_ms: 0.076215
  type: 'test'
  ...
# Subtest: separate reviewer can verify
ok 389 - separate reviewer can verify
  ---
  duration_ms: 0.056385
  type: 'test'
  ...
# Subtest: stale writes are rejected before state mutation
ok 390 - stale writes are rejected before state mutation
  ---
  duration_ms: 0.117437
  type: 'test'
  ...
# Subtest: cannot skip review
ok 391 - cannot skip review
  ---
  duration_ms: 0.122494
  type: 'test'
  ...
# Subtest: reject requires reason
ok 392 - reject requires reason
  ---
  duration_ms: 0.102965
  type: 'test'
  ...
# Subtest: keyset cursor round-trip preserves timestamp and UUID
ok 393 - keyset cursor round-trip preserves timestamp and UUID
  ---
  duration_ms: 0.691503
  type: 'test'
  ...
# Subtest: invalid cursors rejected
ok 394 - invalid cursors rejected
  ---
  duration_ms: 0.15942
  type: 'test'
  ...
# Subtest: list requests cannot bypass the page cap
ok 395 - list requests cannot bypass the page cap
  ---
  duration_ms: 0.657221
  type: 'test'
  ...
# Subtest: session tokens use random secrets and tenant-scoped hashes
ok 396 - session tokens use random secrets and tenant-scoped hashes
  ---
  duration_ms: 0.425882
  type: 'test'
  ...
# Subtest: malformed bearer rejected
ok 397 - malformed bearer rejected
  ---
  duration_ms: 0.114823
  type: 'test'
  ...
# Subtest: password hashing uses async scrypt and verifies without plaintext storage
ok 398 - password hashing uses async scrypt and verifies without plaintext storage
  ---
  duration_ms: 286.889596
  type: 'test'
  ...
# Subtest: short passwords rejected
ok 399 - short passwords rejected
  ---
  duration_ms: 0.463309
  type: 'test'
  ...
# Subtest: weak idempotency key rejected
ok 400 - weak idempotency key rejected
  ---
  duration_ms: 0.169255
  type: 'test'
  ...
# Subtest: internal errors never expose database messages
ok 401 - internal errors never expose database messages
  ---
  duration_ms: 0.189055
  type: 'test'
  ...
# Subtest: unique conflict has a safe machine-readable error
ok 402 - unique conflict has a safe machine-readable error
  ---
  duration_ms: 0.071257
  type: 'test'
  ...
# Subtest: default config is bounded and development only
ok 403 - default config is bounded and development only
  ---
  duration_ms: 0.348065
  type: 'test'
  ...
# Subtest: production rejects insecure database transport
ok 404 - production rejects insecure database transport
  ---
  duration_ms: 0.120622
  type: 'test'
  ...
# Subtest: production rejects HTTP browser origins
ok 405 - production rejects HTTP browser origins
  ---
  duration_ms: 0.110987
  type: 'test'
  ...
# Subtest: database URL cannot override TLS verification
ok 406 - database URL cannot override TLS verification
  ---
  duration_ms: 0.206982
  type: 'test'
  ...
# Subtest: pool size has a hard bound
ok 407 - pool size has a hard bound
  ---
  duration_ms: 0.166792
  type: 'test'
  ...
# Subtest: request digest secret is mandatory
ok 408 - request digest secret is mandatory
  ---
  duration_ms: 0.114683
  type: 'test'
  ...
# Subtest: file type uses bytes, not just extension
ok 409 - file type uses bytes, not just extension
  ---
  duration_ms: 0.228985
  type: 'test'
  ...
# Subtest: MIME spoof is rejected
ok 410 - MIME spoof is rejected
  ---
  duration_ms: 0.148514
  type: 'test'
  ...
# Subtest: filename cannot escape a directory
ok 411 - filename cannot escape a directory
  ---
  duration_ms: 0.202585
  type: 'test'
  ...
# Subtest: HTML and executable files are not accepted
ok 412 - HTML and executable files are not accepted
  ---
  duration_ms: 0.091588
  type: 'test'
  ...
# Subtest: empty upload rejected
ok 413 - empty upload rejected
  ---
  duration_ms: 0.073501
  type: 'test'
  ...
# Subtest: upload size cap enforced
ok 414 - upload size cap enforced
  ---
  duration_ms: 0.062944
  type: 'test'
  ...
# Subtest: extraction never converts money into consumption
ok 415 - extraction never converts money into consumption
  ---
  duration_ms: 0.802901
  type: 'test'
  ...
# Subtest: MWh is explicitly normalized to kWh with a warning
ok 416 - MWh is explicitly normalized to kWh with a warning
  ---
  duration_ms: 0.333493
  type: 'test'
  ...
# Subtest: ambiguous invoice consumption lines force manual review
ok 417 - ambiguous invoice consumption lines force manual review
  ---
  duration_ms: 0.070266
  type: 'test'
  ...
# Subtest: bounded extraction executes real text parsing in a worker thread
ok 418 - bounded extraction executes real text parsing in a worker thread
  ---
  duration_ms: 40.949611
  type: 'test'
  ...
# Subtest: real sample PDF parser is retained and works within the bounded worker
ok 419 - real sample PDF parser is retained and works within the bounded worker
  ---
  duration_ms: 32.153829
  type: 'test'
  ...
# Subtest: metrics expose bounded status labels, not personal IDs or paths
ok 420 - metrics expose bounded status labels, not personal IDs or paths
  ---
  duration_ms: 0.673075
  type: 'test'
  ...
# Subtest: university catalog includes 15 explicit Scope 3 screening categories
ok 421 - university catalog includes 15 explicit Scope 3 screening categories
  ---
  duration_ms: 1.523316
  type: 'test'
  ...
# Subtest: student commuting is supplemental, not silently employee category 7
ok 422 - student commuting is supplemental, not silently employee category 7
  ---
  duration_ms: 0.154483
  type: 'test'
  ...
# Subtest: university templates include water, lab waste, dining, academic and normalization metrics
ok 423 - university templates include water, lab waste, dining, academic and normalization metrics
  ---
  duration_ms: 0.332741
  type: 'test'
  ...
# Subtest: physical factor normalizes exact decimals without assigning official provenance
ok 424 - physical factor normalizes exact decimals without assigning official provenance
  ---
  duration_ms: 1.185658
  type: 'test'
  ...
# Subtest: spend-based factor requires currency and base price year
ok 425 - spend-based factor requires currency and base price year
  ---
  duration_ms: 0.693876
  type: 'test'
  ...
# Subtest: physical factors reject money-method mismatch
ok 426 - physical factors reject money-method mismatch
  ---
  duration_ms: 0.162725
  type: 'test'
  ...
# Subtest: factor sources must be HTTPS without embedded credentials
ok 427 - factor sources must be HTTPS without embedded credentials
  ---
  duration_ms: 0.372722
  type: 'test'
  ...
# Subtest: factors reject backward validity dates
ok 428 - factors reject backward validity dates
  ---
  duration_ms: 0.195124
  type: 'test'
  ...
# Subtest: factor zero is not fabricated as a clean-energy default
ok 429 - factor zero is not fabricated as a clean-energy default
  ---
  duration_ms: 0.49799
  type: 'test'
  ...
# Subtest: emission input uses exact quantity and server-derived scope
ok 430 - emission input uses exact quantity and server-derived scope
  ---
  duration_ms: 1.492049
  type: 'test'
  ...
# Subtest: reject invalid input quantity 100
ok 431 - reject invalid input quantity 100
  ---
  duration_ms: 0.260213
  type: 'test'
  ...
# Subtest: reject invalid input quantity -1
ok 432 - reject invalid input quantity -1
  ---
  duration_ms: 0.212801
  type: 'test'
  ...
# Subtest: reject invalid input quantity 1e3
ok 433 - reject invalid input quantity 1e3
  ---
  duration_ms: 0.223437
  type: 'test'
  ...
# Subtest: reject invalid input quantity NaN
ok 434 - reject invalid input quantity NaN
  ---
  duration_ms: 0.767807
  type: 'test'
  ...
# Subtest: reject invalid input quantity 1.0000001
ok 435 - reject invalid input quantity 1.0000001
  ---
  duration_ms: 0.128804
  type: 'test'
  ...
# Subtest: reject invalid input quantity 0
ok 436 - reject invalid input quantity 0
  ---
  duration_ms: 0.089986
  type: 'test'
  ...
# Subtest: reject invalid input quantity 1000000000000
ok 437 - reject invalid input quantity 1000000000000
  ---
  duration_ms: 0.070506
  type: 'test'
  ...
# Subtest: tenant, scope, approval and computed values cannot be supplied by caller
ok 438 - tenant, scope, approval and computed values cannot be supplied by caller
  ---
  duration_ms: 0.229346
  type: 'test'
  ...
# Subtest: unapproved factor or unit mismatch blocks calculation
ok 439 - unapproved factor or unit mismatch blocks calculation
  ---
  duration_ms: 0.223717
  type: 'test'
  ...
# Subtest: spend quantity and factor must have exactly the same price basis
ok 440 - spend quantity and factor must have exactly the same price basis
  ---
  duration_ms: 0.242215
  type: 'test'
  ...
# Subtest: estimates require a substantive assumptions note
ok 441 - estimates require a substantive assumptions note
  ---
  duration_ms: 0.144448
  type: 'test'
  ...
# Subtest: PCF-only factor categories cannot enter university inventory
ok 442 - PCF-only factor categories cannot enter university inventory
  ---
  duration_ms: 0.106601
  type: 'test'
  ...
# Subtest: decimal multiplication is exact and half-up at micro-kg precision
ok 443 - decimal multiplication is exact and half-up at micro-kg precision
  ---
  duration_ms: 0.242025
  type: 'test'
  ...
# Subtest: large sums are not limited by JavaScript Number precision
ok 444 - large sums are not limited by JavaScript Number precision
  ---
  duration_ms: 0.096766
  type: 'test'
  ...
# Subtest: zero denominator returns null rather than misleading zero intensity
ok 445 - zero denominator returns null rather than misleading zero intensity
  ---
  duration_ms: 0.103837
  type: 'test'
  ...
# Subtest: signed observed changes preserve negative reduction percentages
ok 446 - signed observed changes preserve negative reduction percentages
  ---
  duration_ms: 0.084257
  type: 'test'
  ...
# Subtest: commuting distance includes explicit round-trip days and sampled participants
ok 447 - commuting distance includes explicit round-trip days and sampled participants
  ---
  duration_ms: 0.194313
  type: 'test'
  ...
# Subtest: commuting extrapolation is an explicit estimated operation
ok 448 - commuting extrapolation is an explicit estimated operation
  ---
  duration_ms: 0.136596
  type: 'test'
  ...
# Subtest: vehicle-km divides by occupancy, passenger-km must not do so
ok 449 - vehicle-km divides by occupancy, passenger-km must not do so
  ---
  duration_ms: 0.12599
  type: 'test'
  ...
# Subtest: commuting sampling and occupants are validated
ok 450 - commuting sampling and occupants are validated
  ---
  duration_ms: 0.104097
  type: 'test'
  ...
# Subtest: CSV parser handles quoted comma, doubled quote and newline
ok 451 - CSV parser handles quoted comma, doubled quote and newline
  ---
  duration_ms: 0.709049
  type: 'test'
  ...
# Subtest: reject malformed CSV "a,a\\n1,2"
ok 452 - reject malformed CSV "a,a\\n1,2"
  ---
  duration_ms: 0.196887
  type: 'test'
  ...
# Subtest: reject malformed CSV "a,b\\n1"
ok 453 - reject malformed CSV "a,b\\n1"
  ---
  duration_ms: 0.071267
  type: 'test'
  ...
# Subtest: reject malformed CSV "a\\n\\"unclosed"
ok 454 - reject malformed CSV "a\\n\\"unclosed"
  ---
  duration_ms: 0.048403
  type: 'test'
  ...
# Subtest: reject malformed CSV "a\\n\\"x\\"y"
ok 455 - reject malformed CSV "a\\n\\"x\\"y"
  ---
  duration_ms: 0.04637
  type: 'test'
  ...
# Subtest: reject malformed CSV "a\\nx\\"y"
ok 456 - reject malformed CSV "a\\nx\\"y"
  ---
  duration_ms: 0.041342
  type: 'test'
  ...
# Subtest: CSV row and byte limits are explicit
ok 457 - CSV row and byte limits are explicit
  ---
  duration_ms: 0.117718
  type: 'test'
  ...
# Subtest: CSV export neutralizes formula prefixes, including leading whitespace
ok 458 - CSV export neutralizes formula prefixes, including leading whitespace
  ---
  duration_ms: 0.209676
  type: 'test'
  ...
# Subtest: HTML exports escape active markup
ok 459 - HTML exports escape active markup
  ---
  duration_ms: 0.130076
  type: 'test'
  ...
# Subtest: supplier questionnaires validate answer types and missing fields
ok 460 - supplier questionnaires validate answer types and missing fields
  ---
  duration_ms: 0.372732
  type: 'test'
  ...
# Subtest: supplier questionnaires reject repeated keys and unknown answer fields
ok 461 - supplier questionnaires reject repeated keys and unknown answer fields
  ---
  duration_ms: 0.131177
  type: 'test'
  ...
# Subtest: materiality responses below privacy threshold are suppressed
ok 462 - materiality responses below privacy threshold are suppressed
  ---
  duration_ms: 0.167613
  type: 'test'
  ...
# Subtest: materiality flags both axes while suppressing small stakeholder groups
ok 463 - materiality flags both axes while suppressing small stakeholder groups
  ---
  duration_ms: 0.252741
  type: 'test'
  ...
# Subtest: materiality must score each topic once with bounded whole-number ratings
ok 464 - materiality must score each topic once with bounded whole-number ratings
  ---
  duration_ms: 0.166391
  type: 'test'
  ...
# Subtest: primary inventory excludes supplemental student emissions
ok 465 - primary inventory excludes supplemental student emissions
  ---
  duration_ms: 0.231228
  type: 'test'
  ...
# Subtest: latest approved KPI revision replaces prior value without double counting
ok 466 - latest approved KPI revision replaces prior value without double counting
  ---
  duration_ms: 0.229056
  type: 'test'
  ...
# Subtest: point-in-time headcounts are not added across collection intervals
ok 467 - point-in-time headcounts are not added across collection intervals
  ---
  duration_ms: 0.174864
  type: 'test'
  ...
# Subtest: percent observations have no mathematically invalid summed total
ok 468 - percent observations have no mathematically invalid summed total
  ---
  duration_ms: 0.098268
  type: 'test'
  ...
# Subtest: missing campus denominator blocks apparently precise intensity
ok 469 - missing campus denominator blocks apparently precise intensity
  ---
  duration_ms: 0.192811
  type: 'test'
  ...
# Subtest: Scope 3 coverage keeps unassessed categories visible
ok 470 - Scope 3 coverage keeps unassessed categories visible
  ---
  duration_ms: 0.193652
  type: 'test'
  ...
# Subtest: PCF allocation and functional-unit normalization are explicit and inventory-excluded
ok 471 - PCF allocation and functional-unit normalization are explicit and inventory-excluded
  ---
  duration_ms: 0.568908
  type: 'test'
  ...
# Subtest: PCF refuses spend proxies, missing factors and over-allocation
ok 472 - PCF refuses spend proxies, missing factors and over-allocation
  ---
  duration_ms: 0.218229
  type: 'test'
  ...
# Subtest: installing university catalog is repeatable and never seeds measurements or factors
ok 473 - installing university catalog is repeatable and never seeds measurements or factors
  ---
  duration_ms: 3.200255
  type: 'test'
  ...
# Subtest: department cannot reference another university campus
ok 474 - department cannot reference another university campus
  ---
  duration_ms: 0.691031
  type: 'test'
  ...
# Subtest: collection rejects overlapping intervals for the same KPI source
ok 475 - collection rejects overlapping intervals for the same KPI source
  ---
  duration_ms: 1.749849
  type: 'test'
  ...
# Subtest: normalization task must use one whole-period campus-wide bucket
ok 476 - normalization task must use one whole-period campus-wide bucket
  ---
  duration_ms: 0.923793
  type: 'test'
  ...
# Subtest: data-entry users cannot read or write another assignee task
ok 477 - data-entry users cannot read or write another assignee task
  ---
  duration_ms: 1.212829
  type: 'test'
  ...
# Subtest: KPI approval creates a snapshot and completes the task
ok 478 - KPI approval creates a snapshot and completes the task
  ---
  duration_ms: 2.827484
  type: 'test'
  ...
# Subtest: KPI cannot be submitted without required clean evidence
ok 479 - KPI cannot be submitted without required clean evidence
  ---
  duration_ms: 1.033759
  type: 'test'
  ...
# Subtest: quarantined document cannot be used as evidence
ok 480 - quarantined document cannot be used as evidence
  ---
  duration_ms: 0.86229
  type: 'test'
  ...
# Subtest: another administrator may not edit an author draft and then approve it
ok 481 - another administrator may not edit an author draft and then approve it
  ---
  duration_ms: 1.486881
  type: 'test'
  ...
# Subtest: maker-checker prevents self-approval even after elevation to administrator
ok 482 - maker-checker prevents self-approval even after elevation to administrator
  ---
  duration_ms: 1.825953
  type: 'test'
  ...
# Subtest: KPI correction preserves old snapshot and counts only the latest approved revision
ok 483 - KPI correction preserves old snapshot and counts only the latest approved revision
  ---
  duration_ms: 2.753111
  type: 'test'
  ...
# Subtest: KPI waiver records a reason and cannot hide already approved data
ok 484 - KPI waiver records a reason and cannot hide already approved data
  ---
  duration_ms: 0.958735
  type: 'test'
  ...
# Subtest: factor author cannot approve their own factor
ok 485 - factor author cannot approve their own factor
  ---
  duration_ms: 0.496589
  type: 'test'
  ...
# Subtest: Scope 3 approval requires declared included category and evidence
ok 486 - Scope 3 approval requires declared included category and evidence
  ---
  duration_ms: 1.510979
  type: 'test'
  ...
# Subtest: calculated emission retains exact factor provenance and evidence hash
ok 487 - calculated emission retains exact factor provenance and evidence hash
  ---
  duration_ms: 1.04818
  type: 'test'
  ...
# Subtest: repeat approval cannot create a second calculation
ok 488 - repeat approval cannot create a second calculation
  ---
  duration_ms: 0.699564
  type: 'test'
  ...
# Subtest: a category with calculated emissions cannot be excluded
ok 489 - a category with calculated emissions cannot be excluded
  ---
  duration_ms: 0.730381
  type: 'test'
  ...
# Subtest: data-entry emission read is author-scoped
ok 490 - data-entry emission read is author-scoped
  ---
  duration_ms: 0.724062
  type: 'test'
  ...
# Subtest: locked periods reject new university activity records
ok 491 - locked periods reject new university activity records
  ---
  duration_ms: 0.301264
  type: 'test'
  ...
# Subtest: approved void excludes a calculation without deleting the historical ledger
ok 492 - approved void excludes a calculation without deleting the historical ledger
  ---
  duration_ms: 1.803259
  type: 'test'
  ...
# Subtest: replacement activity requires an approved void
ok 493 - replacement activity requires an approved void
  ---
  duration_ms: 1.275513
  type: 'test'
  ...
# Subtest: CSV preview validates fields and references without adding records
ok 494 - CSV preview validates fields and references without adding records
  ---
  duration_ms: 1.046898
  type: 'test'
  ...
# Subtest: CSV commit inserts drafts atomically and rejects malformed batches before writing
ok 495 - CSV commit inserts drafts atomically and rejects malformed batches before writing
  ---
  duration_ms: 0.69587
  type: 'test'
  ...
# Subtest: overview combines original core ledger and new carbon records, but not student supplemental emissions
ok 496 - overview combines original core ledger and new carbon records, but not student supplemental emissions
  ---
  duration_ms: 1.55194
  type: 'test'
  ...
# Subtest: report snapshots require locked periods and an independent approver
ok 497 - report snapshots require locked periods and an independent approver
  ---
  duration_ms: 2.194279
  type: 'test'
  ...
# Subtest: period reopening invalidates approval of a stale report snapshot
ok 498 - period reopening invalidates approval of a stale report snapshot
  ---
  duration_ms: 1.84385
  type: 'test'
  ...
# Subtest: approved reports export frozen JSON, CSV and escaped print-ready HTML
ok 499 - approved reports export frozen JSON, CSV and escaped print-ready HTML
  ---
  duration_ms: 2.975176
  type: 'test'
  ...
# Subtest: snapshot corruption is detected before exporting
ok 500 - snapshot corruption is detected before exporting
  ---
  duration_ms: 1.672782
  type: 'test'
  ...
# Subtest: facts endpoint carries real record IDs and does not pretend to be AI
ok 501 - facts endpoint carries real record IDs and does not pretend to be AI
  ---
  duration_ms: 1.157555
  type: 'test'
  ...
# Subtest: supplier capability is stored hashed, returned once and can access only its questionnaire
ok 502 - supplier capability is stored hashed, returned once and can access only its questionnaire
  ---
  duration_ms: 1.439991
  type: 'test'
  ...
# Subtest: supplier response is single-use, needs evidence and separate internal approval, and does not post emissions
ok 503 - supplier response is single-use, needs evidence and separate internal approval, and does not post emissions
  ---
  duration_ms: 1.10123
  type: 'test'
  ...
# Subtest: revoked or expired capability cannot be used
ok 504 - revoked or expired capability cannot be used
  ---
  duration_ms: 0.500504
  type: 'test'
  ...
# Subtest: full materiality flow gathers consented anonymous responses and publishes only aggregates
ok 505 - full materiality flow gathers consented anonymous responses and publishes only aggregates
  ---
  duration_ms: 1.978303
  type: 'test'
  ...
# Subtest: materiality publication refuses inadequate response numbers
ok 506 - materiality publication refuses inadequate response numbers
  ---
  duration_ms: 0.281975
  type: 'test'
  ...
# Subtest: targets use a frozen approved baseline and planned initiatives never deduct emissions
ok 507 - targets use a frozen approved baseline and planned initiatives never deduct emissions
  ---
  duration_ms: 1.91667
  type: 'test'
  ...
# Subtest: PCF preview and approval remain outside the emissions ledger
ok 508 - PCF preview and approval remain outside the emissions ledger
  ---
  duration_ms: 0.935551
  type: 'test'
  ...
# Subtest: all university operation method/path pairs are unique
ok 509 - all university operation method/path pairs are unique
  ---
  duration_ms: 1.156474
  type: 'test'
  ...
# Subtest: leadership cannot create, approve or mutate university records
ok 510 - leadership cannot create, approve or mutate university records
  ---
  duration_ms: 0.767016
  type: 'test'
  ...
# Subtest: unknown routes and query tenant switching are rejected
ok 511 - unknown routes and query tenant switching are rejected
  ---
  duration_ms: 0.864774
  type: 'test'
  ...
# Subtest: university routes pass through existing authentication and rate limit middleware
ok 512 - university routes pass through existing authentication and rate limit middleware
  ---
  duration_ms: 27.086698
  type: 'test'
  ...
# Subtest: unauthenticated university access never reaches the domain router
ok 513 - unauthenticated university access never reaches the domain router
  ---
  duration_ms: 5.789299
  type: 'test'
  ...
# Subtest: university mutation passes decoded JSON, idempotency key and authenticated actor
ok 514 - university mutation passes decoded JSON, idempotency key and authenticated actor
  ---
  duration_ms: 6.718991
  type: 'test'
  ...
# Subtest: JSON content type, malformed JSON and size limits are enforced before university dispatch
ok 515 - JSON content type, malformed JSON and size limits are enforced before university dispatch
  ---
  duration_ms: 8.306293
  type: 'test'
  ...
# Subtest: tenant ID query field is blocked even before the university handler
ok 516 - tenant ID query field is blocked even before the university handler
  ---
  duration_ms: 2.561572
  type: 'test'
  ...
# Subtest: report export returns downloadable bytes rather than a JSON envelope
ok 517 - report export returns downloadable bytes rather than a JSON envelope
  ---
  duration_ms: 3.593478
  type: 'test'
  ...
# Subtest: capability portal is separate from employee login and refuses URL tokens
ok 518 - capability portal is separate from employee login and refuses URL tokens
  ---
  duration_ms: 5.496577
  type: 'test'
  ...
# Subtest: capability parsing requires exact format and verifies expiration, hash and revocation
ok 519 - capability parsing requires exact format and verifies expiration, hash and revocation
  ---
  duration_ms: 1.152738
  type: 'test'
  ...
# Subtest: repository includes explicit tenant predicate and uses parameters for record IDs
ok 520 - repository includes explicit tenant predicate and uses parameters for record IDs
  ---
  duration_ms: 1.748305
  type: 'test'
  ...
# Subtest: repository rejects unknown table identifiers rather than interpolating them
ok 521 - repository rejects unknown table identifiers rather than interpolating them
  ---
  duration_ms: 0.416037
  type: 'test'
  ...
# Subtest: repository rejects untrusted column identifiers
ok 522 - repository rejects untrusted column identifiers
  ---
  duration_ms: 0.255695
  type: 'test'
  ...
# Subtest: SQL values such as descriptions are parameterized
ok 523 - SQL values such as descriptions are parameterized
  ---
  duration_ms: 0.183497
  type: 'test'
  ...
# Subtest: repository write serializes evidence IDs as JSON, not a PostgreSQL text array
ok 524 - repository write serializes evidence IDs as JSON, not a PostgreSQL text array
  ---
  duration_ms: 0.23907
  type: 'test'
  ...
# Subtest: repository forbids overriding tenant on insert and identity on update
ok 525 - repository forbids overriding tenant on insert and identity on update
  ---
  duration_ms: 0.357489
  type: 'test'
  ...
# Subtest: repository user reference queries never select password hashes
ok 526 - repository user reference queries never select password hashes
  ---
  duration_ms: 0.255285
  type: 'test'
  ...
# Subtest: lexical search escapes wildcard characters and never interpolates user text
ok 527 - lexical search escapes wildcard characters and never interpolates user text
  ---
  duration_ms: 0.204538
  type: 'test'
  ...
# Subtest: transaction snapshot sets isolation before its first query and keeps tenant local
ok 528 - transaction snapshot sets isolation before its first query and keeps tenant local
  ---
  duration_ms: 0.561166
  type: 'test'
  ...
# Subtest: transaction failure rolls back and releases the connection
ok 529 - transaction failure rolls back and releases the connection
  ---
  duration_ms: 0.449698
  type: 'test'
  ...
# Subtest: migration plan includes unchanged core plus additive university migration
ok 530 - migration plan includes unchanged core plus additive university migration
  ---
  duration_ms: 8.98697
  type: 'test'
  ...
# Subtest: university migration declares forced RLS, tenant composite references and immutable snapshots
ok 531 - university migration declares forced RLS, tenant composite references and immutable snapshots
  ---
  duration_ms: 3.066103
  type: 'test'
  ...
1..531
# tests 531
# suites 0
# pass 531
# fail 0
# cancelled 0
# skipped 0
# todo 0
# duration_ms 12475.606689
